Archive member included to satisfy reference by file (symbol)

c:/sysgcc/arm-eabi/bin/../lib/gcc/arm-none-eabi/12.2.1/thumb/v7-m/nofp\libgcc.a(_arm_muldf3.o)
                              VisualGDB/Debug/KCore/display/display.o (__aeabi_dmul)
c:/sysgcc/arm-eabi/bin/../lib/gcc/arm-none-eabi/12.2.1/thumb/v7-m/nofp\libgcc.a(_arm_mulsf3.o)
                              VisualGDB/Debug/KCore/adc/adc.o (__aeabi_fmul)
c:/sysgcc/arm-eabi/bin/../lib/gcc/arm-none-eabi/12.2.1/thumb/v7-m/nofp\libgcc.a(_arm_addsubdf3.o)
                              VisualGDB/Debug/KCore/display/display.o (__aeabi_i2d)
c:/sysgcc/arm-eabi/bin/../lib/gcc/arm-none-eabi/12.2.1/thumb/v7-m/nofp\libgcc.a(_arm_truncdfsf2.o)
                              VisualGDB/Debug/KCore/display/display.o (__aeabi_d2f)
c:/sysgcc/arm-eabi/bin/../lib/gcc/arm-none-eabi/12.2.1/thumb/v7-m/nofp\libgcc.a(_arm_addsubsf3.o)
                              VisualGDB/Debug/KCore/adc/ADC_Tables.o (__aeabi_fadd)
c:/sysgcc/arm-eabi/bin/../lib/gcc/arm-none-eabi/12.2.1/thumb/v7-m/nofp\libgcc.a(_arm_muldivsf3.o)
                              VisualGDB/Debug/KCore/adc/ADC_Tables.o (__aeabi_fdiv)
c:/sysgcc/arm-eabi/bin/../lib/gcc/arm-none-eabi/12.2.1/thumb/v7-m/nofp\libgcc.a(_arm_fixunssfsi.o)
                              VisualGDB/Debug/KCore/display/display.o (__aeabi_f2uiz)
c:/sysgcc/arm-eabi/bin/../lib/gcc/arm-none-eabi/12.2.1/thumb/v7-m/nofp\libc_nano.a(libc_a-exit.o)
                              c:/sysgcc/arm-eabi/bin/../lib/gcc/arm-none-eabi/12.2.1/thumb/v7-m/nofp/crt0.o (exit)
c:/sysgcc/arm-eabi/bin/../lib/gcc/arm-none-eabi/12.2.1/thumb/v7-m/nofp\libc_nano.a(libc_a-nano-vfprintf_float.o)
                              (_printf_float)
c:/sysgcc/arm-eabi/bin/../lib/gcc/arm-none-eabi/12.2.1/thumb/v7-m/nofp\libc_nano.a(libc_a-nano-vfprintf_i.o)
                              c:/sysgcc/arm-eabi/bin/../lib/gcc/arm-none-eabi/12.2.1/thumb/v7-m/nofp\libc_nano.a(libc_a-nano-vfprintf_float.o) (_printf_common)
c:/sysgcc/arm-eabi/bin/../lib/gcc/arm-none-eabi/12.2.1/thumb/v7-m/nofp\libc_nano.a(libc_a-findfp.o)
                              c:/sysgcc/arm-eabi/bin/../lib/gcc/arm-none-eabi/12.2.1/thumb/v7-m/nofp\libc_nano.a(libc_a-exit.o) (__stdio_exit_handler)
c:/sysgcc/arm-eabi/bin/../lib/gcc/arm-none-eabi/12.2.1/thumb/v7-m/nofp\libc_nano.a(libc_a-fwalk.o)
                              c:/sysgcc/arm-eabi/bin/../lib/gcc/arm-none-eabi/12.2.1/thumb/v7-m/nofp\libc_nano.a(libc_a-findfp.o) (_fwalk_sglue)
c:/sysgcc/arm-eabi/bin/../lib/gcc/arm-none-eabi/12.2.1/thumb/v7-m/nofp\libc_nano.a(libc_a-sprintf.o)
                              VisualGDB/Debug/KCore/display/display.o (sprintf)
c:/sysgcc/arm-eabi/bin/../lib/gcc/arm-none-eabi/12.2.1/thumb/v7-m/nofp\libc_nano.a(libc_a-stdio.o)
                              c:/sysgcc/arm-eabi/bin/../lib/gcc/arm-none-eabi/12.2.1/thumb/v7-m/nofp\libc_nano.a(libc_a-findfp.o) (__sread)
c:/sysgcc/arm-eabi/bin/../lib/gcc/arm-none-eabi/12.2.1/thumb/v7-m/nofp\libc_nano.a(libc_a-memset.o)
                              c:/sysgcc/arm-eabi/bin/../lib/gcc/arm-none-eabi/12.2.1/thumb/v7-m/nofp/crt0.o (memset)
c:/sysgcc/arm-eabi/bin/../lib/gcc/arm-none-eabi/12.2.1/thumb/v7-m/nofp\libc_nano.a(libc_a-localeconv.o)
                              c:/sysgcc/arm-eabi/bin/../lib/gcc/arm-none-eabi/12.2.1/thumb/v7-m/nofp\libc_nano.a(libc_a-nano-vfprintf_float.o) (_localeconv_r)
c:/sysgcc/arm-eabi/bin/../lib/gcc/arm-none-eabi/12.2.1/thumb/v7-m/nofp\libc_nano.a(libc_a-closer.o)
                              c:/sysgcc/arm-eabi/bin/../lib/gcc/arm-none-eabi/12.2.1/thumb/v7-m/nofp\libc_nano.a(libc_a-stdio.o) (_close_r)
c:/sysgcc/arm-eabi/bin/../lib/gcc/arm-none-eabi/12.2.1/thumb/v7-m/nofp\libc_nano.a(libc_a-reent.o)
                              c:/sysgcc/arm-eabi/bin/../lib/gcc/arm-none-eabi/12.2.1/thumb/v7-m/nofp\libc_nano.a(libc_a-closer.o) (errno)
c:/sysgcc/arm-eabi/bin/../lib/gcc/arm-none-eabi/12.2.1/thumb/v7-m/nofp\libc_nano.a(libc_a-impure.o)
                              c:/sysgcc/arm-eabi/bin/../lib/gcc/arm-none-eabi/12.2.1/thumb/v7-m/nofp\libc_nano.a(libc_a-sprintf.o) (_impure_ptr)
c:/sysgcc/arm-eabi/bin/../lib/gcc/arm-none-eabi/12.2.1/thumb/v7-m/nofp\libc_nano.a(libc_a-lseekr.o)
                              c:/sysgcc/arm-eabi/bin/../lib/gcc/arm-none-eabi/12.2.1/thumb/v7-m/nofp\libc_nano.a(libc_a-stdio.o) (_lseek_r)
c:/sysgcc/arm-eabi/bin/../lib/gcc/arm-none-eabi/12.2.1/thumb/v7-m/nofp\libc_nano.a(libc_a-readr.o)
                              c:/sysgcc/arm-eabi/bin/../lib/gcc/arm-none-eabi/12.2.1/thumb/v7-m/nofp\libc_nano.a(libc_a-stdio.o) (_read_r)
c:/sysgcc/arm-eabi/bin/../lib/gcc/arm-none-eabi/12.2.1/thumb/v7-m/nofp\libc_nano.a(libc_a-writer.o)
                              c:/sysgcc/arm-eabi/bin/../lib/gcc/arm-none-eabi/12.2.1/thumb/v7-m/nofp\libc_nano.a(libc_a-stdio.o) (_write_r)
c:/sysgcc/arm-eabi/bin/../lib/gcc/arm-none-eabi/12.2.1/thumb/v7-m/nofp\libc_nano.a(libc_a-init.o)
[...]
Memory Configuration

Name             Origin             Length             Attributes
FLASH            0x08000000         0x00010000         xr
SRAM             0x20000000         0x00002800         xrw
*default*        0x00000000         0xffffffff

Linker script and memory map

LOAD c:/sysgcc/arm-eabi/bin/../lib/gcc/arm-none-eabi/12.2.1/thumb/v7-m/nofp/crti.o
LOAD c:/sysgcc/arm-eabi/bin/../lib/gcc/arm-none-eabi/12.2.1/thumb/v7-m/nofp/crtbegin.o
LOAD c:/sysgcc/arm-eabi/bin/../lib/gcc/arm-none-eabi/12.2.1/thumb/v7-m/nofp/crt0.o
START GROUP
LOAD VisualGDB/Debug/KCore/adc/1xx/adc_1xx.o
LOAD VisualGDB/Debug/KCore/adc/adc.o
LOAD VisualGDB/Debug/KCore/adc/ADC_Tables.o
LOAD VisualGDB/Debug/KCore/display/display.o
LOAD VisualGDB/Debug/KCore/display/displaylist.o
LOAD VisualGDB/Debug/KCore/display/gui.o
LOAD VisualGDB/Debug/KCore/display/st7735.o
LOAD VisualGDB/Debug/KCore/gpio/pins.o
LOAD VisualGDB/Debug/KCore/taskmanager/taskmanager.o
LOAD VisualGDB/Debug/KCore/timer/timer.o
LOAD VisualGDB/Debug/KCore/utils/utils.o
LOAD VisualGDB/Debug/cmsis/core_cm3.o
LOAD VisualGDB/Debug/cmsis_boot/startup/startup_stm32f10x_ld.o
LOAD VisualGDB/Debug/cmsis_boot/startup/startup_stm32f10x_md.o
LOAD VisualGDB/Debug/cmsis_boot/system_stm32f10x.o
LOAD VisualGDB/Debug/cmsis_lib/src/stm32f10x_adc.o
LOAD VisualGDB/Debug/cmsis_lib/src/stm32f10x_can.o
LOAD VisualGDB/Debug/cmsis_lib/src/stm32f10x_exti.o
LOAD VisualGDB/Debug/cmsis_lib/src/stm32f10x_flash.o
LOAD VisualGDB/Debug/cmsis_lib/src/stm32f10x_gpio.o
LOAD VisualGDB/Debug/cmsis_lib/src/stm32f10x_iwdg.o
LOAD VisualGDB/Debug/cmsis_lib/src/stm32f10x_misc.o
LOAD VisualGDB/Debug/cmsis_lib/src/stm32f10x_rcc.o
LOAD VisualGDB/Debug/cmsis_lib/src/stm32f10x_spi.o
LOAD VisualGDB/Debug/cmsis_lib/src/stm32f10x_tim.o
LOAD VisualGDB/Debug/cmsis_lib/src/stm32f10x_usart.o
LOAD VisualGDB/Debug/KCore/gpio/gpio.o
LOAD VisualGDB/Debug/KCore/main.o
END GROUP
LOAD c:/sysgcc/arm-eabi/bin/../lib/gcc/arm-none-eabi/12.2.1/thumb/v7-m/nofp\libstdc++_nano.a
LOAD c:/sysgcc/arm-eabi/bin/../lib/gcc/arm-none-eabi/12.2.1/thumb/v7-m/nofp\libm.a
START GROUP
LOAD c:/sysgcc/arm-eabi/bin/../lib/gcc/arm-none-eabi/12.2.1/thumb/v7-m/nofp\libgcc.a
LOAD c:/sysgcc/arm-eabi/bin/../lib/gcc/arm-none-eabi/12.2.1/thumb/v7-m/nofp\libc_nano.a
END GROUP
START GROUP
LOAD c:/sysgcc/arm-eabi/bin/../lib/gcc/arm-none-eabi/12.2.1/thumb/v7-m/nofp\libgcc.a
LOAD c:/sysgcc/arm-eabi/bin/../lib/gcc/arm-none-eabi/12.2.1/thumb/v7-m/nofp\libc_nano.a
LOAD c:/sysgcc/arm-eabi/bin/../lib/gcc/arm-none-eabi/12.2.1/thumb/v7-m/nofp\libnosys.a
END GROUP
START GROUP
LOAD c:/sysgcc/arm-eabi/bin/../lib/gcc/arm-none-eabi/12.2.1/thumb/v7-m/nofp\libgcc.a
LOAD c:/sysgcc/arm-eabi/bin/../lib/gcc/arm-none-eabi/12.2.1/thumb/v7-m/nofp\libc_nano.a
LOAD c:/sysgcc/arm-eabi/bin/../lib/gcc/arm-none-eabi/12.2.1/thumb/v7-m/nofp\libnosys.a
END GROUP
LOAD c:/sysgcc/arm-eabi/bin/../lib/gcc/arm-none-eabi/12.2.1/thumb/v7-m/nofp/crtend.o
LOAD c:/sysgcc/arm-eabi/bin/../lib/gcc/arm-none-eabi/12.2.1/thumb/v7-m/nofp/crtn.o
                0x20002800                        _estack = 0x20002800

.isr_vector     0x08000000      0x10c
                0x08000000                        . = ALIGN (0x4)
 *(.isr_vector)
 .isr_vector    0x08000000      0x10c VisualGDB/Debug/cmsis_boot/startup/startup_stm32f10x_ld.o
                0x08000000                g_pfnVectors
                0x0800010c                        . = ALIGN (0x4)

.eh_frame       0x0800010c        0x0
 .eh_frame      0x0800010c        0x0 c:/sysgcc/arm-eabi/bin/../lib/gcc/arm-none-eabi/12.2.1/thumb/v7-m/nofp/crtbegin.o

.text           0x08000110     0x6a00
                0x08000110                        . = ALIGN (0x4)
                0x08000110                        _stext = .
 *(.text)
 .text          0x08000110      0x378 c:/sysgcc/arm-eabi/bin/../lib/gcc/arm-none-eabi/12.2.1/thumb/v7-m/nofp\libgcc.a(_arm_addsubdf3.o)
                0x08000110                __aeabi_drsub
                0x08000118                __aeabi_dsub
                0x08000118                __subdf3
                0x0800011c                __aeabi_dadd
                0x0800011c                __adddf3
                0x08000394                __floatunsidf
                0x08000394                __aeabi_ui2d
                0x080003b4                __floatsidf
                0x080003b4                __aeabi_i2d
                0x080003d8                __aeabi_f2d
                0x080003d8                __extendsfdf2
                0x0800041c                __floatundidf
                0x0800041c                __aeabi_ul2d
                0x0800042c                __floatdidf
                0x0800042c                __aeabi_l2d
 .text          0x08000488      0x21c c:/sysgcc/arm-eabi/bin/../lib/gcc/arm-none-eabi/12.2.1/thumb/v7-m/nofp\libgcc.a(_arm_addsubsf3.o)
                0x08000488                __aeabi_frsub
                0x08000490                __subsf3
                0x08000490                __aeabi_fsub
                0x08000494                __aeabi_fadd
                0x08000494                __addsf3
                0x080005f4                __aeabi_ui2f
                0x080005f4                __floatunsisf
                0x080005fc                __aeabi_i2f
                0x080005fc                __floatsisf
                0x08000618                __aeabi_ul2f
                0x08000618                __floatundisf
                0x08000628                __aeabi_l2f
                0x08000628                __floatdisf
 .text          0x080006a4      0x2a0 c:/sysgcc/arm-eabi/bin/../lib/gcc/arm-none-eabi/12.2.1/thumb/v7-m/nofp\libgcc.a(_arm_muldivsf3.o)
                0x080006a4                __mulsf3
                0x080006a4                __aeabi_fmul
                0x0800080c                __aeabi_fdiv
                0x0800080c                __divsf3
 .text          0x08000944       0x40 c:/sysgcc/arm-eabi/bin/../lib/gcc/arm-none-eabi/12.2.1/thumb/v7-m/nofp\libgcc.a(_arm_fixunssfsi.o)
                0x08000944                __fixunssfsi
                0x08000944                __aeabi_f2uiz
 .text          0x08000984       0x10 c:/sysgcc/arm-eabi/bin/../lib/gcc/arm-none-eabi/12.2.1/thumb/v7-m/nofp\libc_nano.a(libc_a-strlen.o)
                0x08000984                strlen
 .text          0x08000994      0x424 c:/sysgcc/arm-eabi/bin/../lib/gcc/arm-none-eabi/12.2.1/thumb/v7-m/nofp\libgcc.a(_arm_muldivdf3.o)
                0x08000994                __aeabi_dmul
                0x08000994                __muldf3
                0x08000be8                __divdf3
                0x08000be8                __aeabi_ddiv
 .text          0x08000db8      0x110 c:/sysgcc/arm-eabi/bin/../lib/gcc/arm-none-eabi/12.2.1/thumb/v7-m/nofp\libgcc.a(_arm_cmpdf2.o)
                0x08000db8                __gtdf2
                0x08000db8                __gedf2
                0x08000dc0                __ltdf2
                0x08000dc0                __ledf2
                0x08000dc8                __nedf2
                0x08000dc8                __eqdf2
                0x08000dc8                __cmpdf2
                0x08000e44                __aeabi_cdrcmple
                0x08000e54                __aeabi_cdcmpeq
                0x08000e54                __aeabi_cdcmple
                0x08000e64                __aeabi_dcmpeq
                0x08000e78                __aeabi_dcmplt
                0x08000e8c                __aeabi_dcmple
                0x08000ea0                __aeabi_dcmpge
                0x08000eb4                __aeabi_dcmpgt
 .text          0x08000ec8       0x2c c:/sysgcc/arm-eabi/bin/../lib/gcc/arm-none-eabi/12.2.1/thumb/v7-m/nofp\libgcc.a(_arm_unorddf2.o)
                0x08000ec8                __unorddf2
                0x08000ec8                __aeabi_dcmpun
 .text          0x08000ef4       0x50 c:/sysgcc/arm-eabi/bin/../lib/gcc/arm-none-eabi/12.2.1/thumb/v7-m/nofp\libgcc.a(_arm_fixdfsi.o)
                0x08000ef4                __aeabi_d2iz
                0x08000ef4                __fixdfsi
 *(.text*)
 .text.deregister_tm_clones
                0x08000f44       0x1c c:/sysgcc/arm-eabi/bin/../lib/gcc/arm-none-eabi/12.2.1/thumb/v7-m/nofp/crtbegin.o
 .text.register_tm_clones
                0x08000f60       0x24 c:/sysgcc/arm-eabi/bin/../lib/gcc/arm-none-eabi/12.2.1/thumb/v7-m/nofp/crtbegin.o
 .text.__do_global_dtors_aux
                0x08000f84       0x28 c:/sysgcc/arm-eabi/bin/../lib/gcc/arm-none-eabi/12.2.1/thumb/v7-m/nofp/crtbegin.o
 .text.frame_dummy
                0x08000fac       0x24 c:/sysgcc/arm-eabi/bin/../lib/gcc/arm-none-eabi/12.2.1/thumb/v7-m/nofp/crtbegin.o
 .text.adc_config
                0x08000fd0       0x94 VisualGDB/Debug/KCore/adc/1xx/adc_1xx.o
                0x08000fd0                adc_config
 .text.adcInit  0x08001064       0xcc VisualGDB/Debug/KCore/adc/adc.o
                0x08001064                adcInit
 .text.adc_init
                0x08001130       0x74 VisualGDB/Debug/KCore/adc/adc.o
                0x08001130                adc_init
 .text.ProcessRawADC_Data
                0x080011a4       0x3c VisualGDB/Debug/KCore/adc/adc.o
                0x080011a4                ProcessRawADC_Data
 .text.SmoothDataUsingOlympicVotingAverage
                0x080011e0      0x190 VisualGDB/Debug/KCore/adc/adc.o
                0x080011e0                SmoothDataUsingOlympicVotingAverage
 .text.convertRtdDataFromRawADCValue
                0x08001370      0x14c VisualGDB/Debug/KCore/adc/ADC_Tables.o
                0x08001370                convertRtdDataFromRawADCValue
 .text.Format_Title
                0x080014bc       0xc0 VisualGDB/Debug/KCore/display/display.o
                0x080014bc                Format_Title
 .text.Format_Int32
                0x0800157c       0x7c VisualGDB/Debug/KCore/display/display.o
                0x0800157c                Format_Int32
 .text.Format_Int16
                0x080015f8       0x7c VisualGDB/Debug/KCore/display/display.o
                0x080015f8                Format_Int16
 .text.Format_Hex8
                0x08001674       0x7c VisualGDB/Debug/KCore/display/display.o
                0x08001674                Format_Hex8
 .text.Format_Hex16
                0x080016f0       0x7c VisualGDB/Debug/KCore/display/display.o
                0x080016f0                Format_Hex16
 .text.Format_Hex32
                0x0800176c       0x7c VisualGDB/Debug/KCore/display/display.o
                0x0800176c                Format_Hex32
 .text.Format_Ascii
                0x080017e8       0x7c VisualGDB/Debug/KCore/display/display.o
                0x080017e8                Format_Ascii
 .text.Format_Float3_3
                0x08001864       0x84 VisualGDB/Debug/KCore/display/display.o
                0x08001864                Format_Float3_3
 .text.Format_MemoryDumpAscii
                0x080018e8       0x58 VisualGDB/Debug/KCore/display/display.o
                0x080018e8                Format_MemoryDumpAscii
 .text.Format_MemoryDumpHex
                0x08001940       0xe0 VisualGDB/Debug/KCore/display/display.o
                0x08001940                Format_MemoryDumpHex
 .text.Format_Boolean
                0x08001a20       0xb8 VisualGDB/Debug/KCore/display/display.o
                0x08001a20                Format_Boolean
 .text.UpdateScreen
                0x08001ad8      0x1b8 VisualGDB/Debug/KCore/display/display.o
                0x08001ad8                UpdateScreen
 .text.DisplayInit
                0x08001c90       0x3a VisualGDB/Debug/KCore/display/gui.o
                0x08001c90                DisplayInit
 .text.DrawLine
                0x08001cca       0x40 VisualGDB/Debug/KCore/display/gui.o
                0x08001cca                DrawLine
 .text.DrawString
                0x08001d0a       0x3e VisualGDB/Debug/KCore/display/gui.o
                0x08001d0a                DrawString
 .text.ST7735_write
                0x08001d48       0x44 VisualGDB/Debug/KCore/display/st7735.o
                0x08001d48                ST7735_write
 .text.ST7735_cmd
                0x08001d8c       0x40 VisualGDB/Debug/KCore/display/st7735.o
                0x08001d8c                ST7735_cmd
 .text.ST7735_data
                0x08001dcc       0x40 VisualGDB/Debug/KCore/display/st7735.o
                0x08001dcc                ST7735_data
 .text.ST7735_Init
                0x08001e0c      0x1e4 VisualGDB/Debug/KCore/display/st7735.o
                0x08001e0c                ST7735_Init
 .text.ST7735_Orientation
                0x08001ff0       0xb4 VisualGDB/Debug/KCore/display/st7735.o
                0x08001ff0                ST7735_Orientation
 .text.ST7735_AddrSet
                0x080020a4       0xb0 VisualGDB/Debug/KCore/display/st7735.o
                0x080020a4                ST7735_AddrSet
 .text.ST7735_Clear
                0x08002154       0x90 VisualGDB/Debug/KCore/display/st7735.o
                0x08002154                ST7735_Clear
 .text.ST7735_Pixel
                0x080021e4       0x60 VisualGDB/Debug/KCore/display/st7735.o
                0x080021e4                ST7735_Pixel
 .text.ST7735_HLine
                0x08002244       0x88 VisualGDB/Debug/KCore/display/st7735.o
                0x08002244                ST7735_HLine
 .text.ST7735_VLine
                0x080022cc       0x88 VisualGDB/Debug/KCore/display/st7735.o
                0x080022cc                ST7735_VLine
 .text.ST7735_Line
                0x08002354      0x1b6 VisualGDB/Debug/KCore/display/st7735.o
                0x08002354                ST7735_Line
 *fill*         0x0800250a        0x2 
 .text.ST7735_PutChar5x7
                0x0800250c       0xe4 VisualGDB/Debug/KCore/display/st7735.o
                0x0800250c                ST7735_PutChar5x7
 .text.St7735_PutDoubleChar5x7
                0x080025f0      0x13c VisualGDB/Debug/KCore/display/st7735.o
                0x080025f0                St7735_PutDoubleChar5x7
 .text.ST7735_PutStr5x7
                0x0800272c       0x7c VisualGDB/Debug/KCore/display/st7735.o
                0x0800272c                ST7735_PutStr5x7
 .text.ST7735_PutStrDouble5x7
                0x080027a8       0x7c VisualGDB/Debug/KCore/display/st7735.o
                0x080027a8                ST7735_PutStrDouble5x7
 .text.pinExtractPortPtr
                0x08002824       0x50 VisualGDB/Debug/KCore/gpio/pins.o
                0x08002824                pinExtractPortPtr
 .text.pinInit  0x08002874       0xca VisualGDB/Debug/KCore/gpio/pins.o
                0x08002874                pinInit
 .text.pinClear
                0x0800293e       0x2c VisualGDB/Debug/KCore/gpio/pins.o
                0x0800293e                pinClear
 .text.pinSet   0x0800296a       0x2c VisualGDB/Debug/KCore/gpio/pins.o
                0x0800296a                pinSet
 .text.pinWrite
                0x08002996       0x30 VisualGDB/Debug/KCore/gpio/pins.o
                0x08002996                pinWrite
 .text.pinReadOutput
                0x080029c6       0x36 VisualGDB/Debug/KCore/gpio/pins.o
                0x080029c6                pinReadOutput
 .text.pinToggleOutput
                0x080029fc       0x38 VisualGDB/Debug/KCore/gpio/pins.o
                0x080029fc                pinToggleOutput
 .text.Spare    0x08002a34        0xc VisualGDB/Debug/KCore/taskmanager/taskmanager.o
                0x08002a34                Spare
 .text.func_SystickCallback
                0x08002a40      0x110 VisualGDB/Debug/KCore/taskmanager/taskmanager.o
                0x08002a40                func_SystickCallback
 .text.BlinkHeartBeat
                0x08002b50       0x20 VisualGDB/Debug/KCore/taskmanager/taskmanager.o
                0x08002b50                BlinkHeartBeat
 .text.tim1_init
                0x08002b70       0x40 VisualGDB/Debug/KCore/timer/timer.o
                0x08002b70                tim1_init
 .text.delay_us
                0x08002bb0       0x30 VisualGDB/Debug/KCore/utils/utils.o
                0x08002bb0                delay_us
 .text.delay_ms
                0x08002be0       0x2e VisualGDB/Debug/KCore/utils/utils.o
                0x08002be0                delay_ms
 *fill*         0x08002c0e        0x2 
 .text.initClkAndResetAPB2
                0x08002c10       0x4c VisualGDB/Debug/KCore/utils/utils.o
                0x08002c10                initClkAndResetAPB2
 .text.Default_Reset_Handler
                0x08002c5c       0x60 VisualGDB/Debug/cmsis_boot/startup/startup_stm32f10x_ld.o
                0x08002c5c                Default_Reset_Handler
                0x08002c5c                Reset_Handler
 .text.Default_Handler
                0x08002cbc        0xc VisualGDB/Debug/cmsis_boot/startup/startup_stm32f10x_ld.o
                0x08002cbc                EXTI2_IRQHandler
                0x08002cbc                DebugMon_Handler
                0x08002cbc                TIM1_CC_IRQHandler
                0x08002cbc                HardFault_Handler
                0x08002cbc                PVD_IRQHandler
                0x08002cbc                PendSV_Handler
                0x08002cbc                NMI_Handler
                0x08002cbc                EXTI3_IRQHandler
                0x08002cbc                EXTI0_IRQHandler
                0x08002cbc                UsageFault_Handler
                0x08002cbc                ADC1_2_IRQHandler
                0x08002cbc                SPI1_IRQHandler
                0x08002cbc                TAMPER_IRQHandler
                0x08002cbc                DMA1_Channel4_IRQHandler
                0x08002cbc                RTC_IRQHandler
                0x08002cbc                DMA1_Channel7_IRQHandler
                0x08002cbc                CAN1_RX1_IRQHandler
                0x08002cbc                I2C1_EV_IRQHandler
                0x08002cbc                DMA1_Channel6_IRQHandler
                0x08002cbc                TIM3_IRQHandler
                0x08002cbc                RCC_IRQHandler
                0x08002cbc                TIM1_TRG_COM_IRQHandler
                0x08002cbc                DMA1_Channel1_IRQHandler
                0x08002cbc                EXTI15_10_IRQHandler
                0x08002cbc                EXTI9_5_IRQHandler
                0x08002cbc                MemManage_Handler
                0x08002cbc                SVC_Handler
                0x08002cbc                DMA1_Channel5_IRQHandler
                0x08002cbc                EXTI4_IRQHandler
                0x08002cbc                USB_LP_CAN1_RX0_IRQHandler
                0x08002cbc                USB_HP_CAN1_TX_IRQHandler
                0x08002cbc                DMA1_Channel3_IRQHandler
                0x08002cbc                TIM1_UP_IRQHandler
                0x08002cbc                WWDG_IRQHandler
                0x08002cbc                TIM2_IRQHandler
                0x08002cbc                TIM1_BRK_IRQHandler
                0x08002cbc                EXTI1_IRQHandler
                0x08002cbc                RTCAlarm_IRQHandler
                0x08002cbc                USART2_IRQHandler
                0x08002cbc                DMA1_Channel2_IRQHandler
                0x08002cbc                CAN1_SCE_IRQHandler
                0x08002cbc                FLASH_IRQHandler
                0x08002cbc                BusFault_Handler
                0x08002cbc                USART1_IRQHandler
                0x08002cbc                I2C1_ER_IRQHandler
                0x08002cbc                USBWakeUp_IRQHandler
 .text.SystemInit
                0x08002cc8       0x68 VisualGDB/Debug/cmsis_boot/system_stm32f10x.o
                0x08002cc8                SystemInit
 .text.SetSysClock
                0x08002d30        0xc VisualGDB/Debug/cmsis_boot/system_stm32f10x.o
 .text.SetSysClockTo72
                0x08002d3c       0xec VisualGDB/Debug/cmsis_boot/system_stm32f10x.o
 .text.ADC_Init
                0x08002e28       0xa4 VisualGDB/Debug/cmsis_lib/src/stm32f10x_adc.o
                0x08002e28                ADC_Init
 .text.ADC_Cmd  0x08002ecc       0x36 VisualGDB/Debug/cmsis_lib/src/stm32f10x_adc.o
                0x08002ecc                ADC_Cmd
 .text.ADC_ResetCalibration
                0x08002f02       0x1e VisualGDB/Debug/cmsis_lib/src/stm32f10x_adc.o
                0x08002f02                ADC_ResetCalibration
 .text.ADC_GetResetCalibrationStatus
                0x08002f20       0x2e VisualGDB/Debug/cmsis_lib/src/stm32f10x_adc.o
                0x08002f20                ADC_GetResetCalibrationStatus
 .text.ADC_StartCalibration
                0x08002f4e       0x1e VisualGDB/Debug/cmsis_lib/src/stm32f10x_adc.o
                0x08002f4e                ADC_StartCalibration
 .text.ADC_GetCalibrationStatus
                0x08002f6c       0x2e VisualGDB/Debug/cmsis_lib/src/stm32f10x_adc.o
                0x08002f6c                ADC_GetCalibrationStatus
 .text.ADC_GetConversionValue
                0x08002f9a       0x18 VisualGDB/Debug/cmsis_lib/src/stm32f10x_adc.o
                0x08002f9a                ADC_GetConversionValue
 .text.ADC_GetFlagStatus
                0x08002fb2       0x32 VisualGDB/Debug/cmsis_lib/src/stm32f10x_adc.o
                0x08002fb2                ADC_GetFlagStatus
 .text.GPIO_Init
                0x08002fe4      0x178 VisualGDB/Debug/cmsis_lib/src/stm32f10x_gpio.o
                0x08002fe4                GPIO_Init
 .text.GPIO_SetBits
                0x0800315c       0x1c VisualGDB/Debug/cmsis_lib/src/stm32f10x_gpio.o
                0x0800315c                GPIO_SetBits
 .text.GPIO_ResetBits
                0x08003178       0x1c VisualGDB/Debug/cmsis_lib/src/stm32f10x_gpio.o
                0x08003178                GPIO_ResetBits
 .text.RCC_APB2PeriphClockCmd
                0x08003194       0x3c VisualGDB/Debug/cmsis_lib/src/stm32f10x_rcc.o
                0x08003194                RCC_APB2PeriphClockCmd
 .text.RCC_APB1PeriphClockCmd
                0x080031d0       0x3c VisualGDB/Debug/cmsis_lib/src/stm32f10x_rcc.o
                0x080031d0                RCC_APB1PeriphClockCmd
 .text.SPI_Init
                0x0800320c       0x86 VisualGDB/Debug/cmsis_lib/src/stm32f10x_spi.o
                0x0800320c                SPI_Init
 .text.SPI_Cmd  0x08003292       0x3e VisualGDB/Debug/cmsis_lib/src/stm32f10x_spi.o
                0x08003292                SPI_Cmd
 .text.SPI_I2S_SendData
                0x080032d0       0x1c VisualGDB/Debug/cmsis_lib/src/stm32f10x_spi.o
                0x080032d0                SPI_I2S_SendData
 .text.SPI_I2S_GetFlagStatus
                0x080032ec       0x36 VisualGDB/Debug/cmsis_lib/src/stm32f10x_spi.o
                0x080032ec                SPI_I2S_GetFlagStatus
 *fill*         0x08003322        0x2 
 .text.TIM_TimeBaseInit
                0x08003324       0x90 VisualGDB/Debug/cmsis_lib/src/stm32f10x_tim.o
                0x08003324                TIM_TimeBaseInit
 .text.TIM_Cmd  0x080033b4       0x3e VisualGDB/Debug/cmsis_lib/src/stm32f10x_tim.o
                0x080033b4                TIM_Cmd
 .text.TIM_SetCounter
                0x080033f2       0x1c VisualGDB/Debug/cmsis_lib/src/stm32f10x_tim.o
                0x080033f2                TIM_SetCounter
 .text.TIM_GetCounter
                0x0800340e       0x18 VisualGDB/Debug/cmsis_lib/src/stm32f10x_tim.o
                0x0800340e                TIM_GetCounter
 *fill*         0x08003426        0x2 
 .text.gpio_init
                0x08003428       0x54 VisualGDB/Debug/KCore/gpio/gpio.o
                0x08003428                gpio_init
 .text.NVIC_SetPriority
                0x0800347c       0x54 VisualGDB/Debug/KCore/main.o
 .text.SysTick_Config
                0x080034d0       0x44 VisualGDB/Debug/KCore/main.o
 .text.main     0x08003514       0x9c VisualGDB/Debug/KCore/main.o
                0x08003514                main
 .text.SysTick_Handler
                0x080035b0        0xc VisualGDB/Debug/KCore/main.o
                0x080035b0                SysTick_Handler
 .text.__cvt    0x080035bc       0xce c:/sysgcc/arm-eabi/bin/../lib/gcc/arm-none-eabi/12.2.1/thumb/v7-m/nofp\libc_nano.a(libc_a-nano-vfprintf_float.o)
                0x080035bc                __cvt
 .text.__exponent
                0x0800368a       0x74 c:/sysgcc/arm-eabi/bin/../lib/gcc/arm-none-eabi/12.2.1/thumb/v7-m/nofp\libc_nano.a(libc_a-nano-vfprintf_float.o)
                0x0800368a                __exponent
 *fill*         0x080036fe        0x2 
 .text._printf_float
                0x08003700      0x46c c:/sysgcc/arm-eabi/bin/../lib/gcc/arm-none-eabi/12.2.1/thumb/v7-m/nofp\libc_nano.a(libc_a-nano-vfprintf_float.o)
                0x08003700                _printf_float
 .text._printf_common
                0x08003b6c       0xe4 c:/sysgcc/arm-eabi/bin/../lib/gcc/arm-none-eabi/12.2.1/thumb/v7-m/nofp\libc_nano.a(libc_a-nano-vfprintf_i.o)
                0x08003b6c                _printf_common
 .text._printf_i
                0x08003c50      0x258 c:/sysgcc/arm-eabi/bin/../lib/gcc/arm-none-eabi/12.2.1/thumb/v7-m/nofp\libc_nano.a(libc_a-nano-vfprintf_i.o)
                0x08003c50                _printf_i
 .text.std      0x08003ea8       0x6c c:/sysgcc/arm-eabi/bin/../lib/gcc/arm-none-eabi/12.2.1/thumb/v7-m/nofp\libc_nano.a(libc_a-findfp.o)
 .text.stdio_exit_handler
                0x08003f14       0x18 c:/sysgcc/arm-eabi/bin/../lib/gcc/arm-none-eabi/12.2.1/thumb/v7-m/nofp\libc_nano.a(libc_a-findfp.o)
 .text.cleanup_stdio
                0x08003f2c       0x40 c:/sysgcc/arm-eabi/bin/../lib/gcc/arm-none-eabi/12.2.1/thumb/v7-m/nofp\libc_nano.a(libc_a-findfp.o)
 .text.global_stdio_init.part.0
                0x08003f6c       0x3c c:/sysgcc/arm-eabi/bin/../lib/gcc/arm-none-eabi/12.2.1/thumb/v7-m/nofp\libc_nano.a(libc_a-findfp.o)
 .text.__sfp_lock_acquire
                0x08003fa8        0xc c:/sysgcc/arm-eabi/bin/../lib/gcc/arm-none-eabi/12.2.1/thumb/v7-m/nofp\libc_nano.a(libc_a-findfp.o)
                0x08003fa8                __sfp_lock_acquire
 .text.__sfp_lock_release
                0x08003fb4        0xc c:/sysgcc/arm-eabi/bin/../lib/gcc/arm-none-eabi/12.2.1/thumb/v7-m/nofp\libc_nano.a(libc_a-findfp.o)
                0x08003fb4                __sfp_lock_release
 .text.__sinit  0x08003fc0       0x30 c:/sysgcc/arm-eabi/bin/../lib/gcc/arm-none-eabi/12.2.1/thumb/v7-m/nofp\libc_nano.a(libc_a-findfp.o)
                0x08003fc0                __sinit
 .text._fwalk_sglue
                0x08003ff0       0x3c c:/sysgcc/arm-eabi/bin/../lib/gcc/arm-none-eabi/12.2.1/thumb/v7-m/nofp\libc_nano.a(libc_a-fwalk.o)
                0x08003ff0                _fwalk_sglue
 .text.sprintf  0x0800402c       0x40 c:/sysgcc/arm-eabi/bin/../lib/gcc/arm-none-eabi/12.2.1/thumb/v7-m/nofp\libc_nano.a(libc_a-sprintf.o)
                0x0800402c                siprintf
                0x0800402c                sprintf
 .text.__sread  0x0800406c       0x22 c:/sysgcc/arm-eabi/bin/../lib/gcc/arm-none-eabi/12.2.1/thumb/v7-m/nofp\libc_nano.a(libc_a-stdio.o)
                0x0800406c                __sread
 .text.__swrite
                0x0800408e       0x38 c:/sysgcc/arm-eabi/bin/../lib/gcc/arm-none-eabi/12.2.1/thumb/v7-m/nofp\libc_nano.a(libc_a-stdio.o)
                0x0800408e                __swrite
 .text.__sseek  0x080040c6       0x24 c:/sysgcc/arm-eabi/bin/../lib/gcc/arm-none-eabi/12.2.1/thumb/v7-m/nofp\libc_nano.a(libc_a-stdio.o)
                0x080040c6                __sseek
 .text.__sclose
                0x080040ea        0x8 c:/sysgcc/arm-eabi/bin/../lib/gcc/arm-none-eabi/12.2.1/thumb/v7-m/nofp\libc_nano.a(libc_a-stdio.o)
                0x080040ea                __sclose
 .text.memset   0x080040f2       0x10 c:/sysgcc/arm-eabi/bin/../lib/gcc/arm-none-eabi/12.2.1/thumb/v7-m/nofp\libc_nano.a(libc_a-memset.o)
                0x080040f2                memset
 *fill*         0x08004102        0x2 
 .text._localeconv_r
                0x08004104        0x8 c:/sysgcc/arm-eabi/bin/../lib/gcc/arm-none-eabi/12.2.1/thumb/v7-m/nofp\libc_nano.a(libc_a-localeconv.o)
                0x08004104                _localeconv_r
 .text._close_r
                0x0800410c       0x20 c:/sysgcc/arm-eabi/bin/../lib/gcc/arm-none-eabi/12.2.1/thumb/v7-m/nofp\libc_nano.a(libc_a-closer.o)
                0x0800410c                _close_r
 .text._lseek_r
                0x0800412c       0x24 c:/sysgcc/arm-eabi/bin/../lib/gcc/arm-none-eabi/12.2.1/thumb/v7-m/nofp\libc_nano.a(libc_a-lseekr.o)
                0x0800412c                _lseek_r
 .text._read_r  0x08004150       0x24 c:/sysgcc/arm-eabi/bin/../lib/gcc/arm-none-eabi/12.2.1/thumb/v7-m/nofp\libc_nano.a(libc_a-readr.o)
                0x08004150                _read_r
 .text._write_r
                0x08004174       0x24 c:/sysgcc/arm-eabi/bin/../lib/gcc/arm-none-eabi/12.2.1/thumb/v7-m/nofp\libc_nano.a(libc_a-writer.o)
                0x08004174                _write_r
 .text.__retarget_lock_init_recursive
                0x08004198        0x2 c:/sysgcc/arm-eabi/bin/../lib/gcc/arm-none-eabi/12.2.1/thumb/v7-m/nofp\libc_nano.a(libc_a-lock.o)
                0x08004198                __retarget_lock_init_recursive
 .text.__retarget_lock_acquire_recursive
                0x0800419a        0x2 c:/sysgcc/arm-eabi/bin/../lib/gcc/arm-none-eabi/12.2.1/thumb/v7-m/nofp\libc_nano.a(libc_a-lock.o)
                0x0800419a                __retarget_lock_acquire_recursive
 .text.__retarget_lock_release_recursive
                0x0800419c        0x2 c:/sysgcc/arm-eabi/bin/../lib/gcc/arm-none-eabi/12.2.1/thumb/v7-m/nofp\libc_nano.a(libc_a-lock.o)
                0x0800419c                __retarget_lock_release_recursive
 .text.memchr   0x0800419e       0x1c c:/sysgcc/arm-eabi/bin/../lib/gcc/arm-none-eabi/12.2.1/thumb/v7-m/nofp\libc_nano.a(libc_a-memchr-stub.o)
                0x0800419e                memchr
 .text.memcpy   0x080041ba       0x1c c:/sysgcc/arm-eabi/bin/../lib/gcc/arm-none-eabi/12.2.1/thumb/v7-m/nofp\libc_nano.a(libc_a-memcpy-stub.o)
                0x080041ba                memcpy
 .text.quorem   0x080041d6      0x110 c:/sysgcc/arm-eabi/bin/../lib/gcc/arm-none-eabi/12.2.1/thumb/v7-m/nofp\libc_nano.a(libc_a-dtoa.o)
 *fill*         0x080042e6        0x2 
 .text._dtoa_r  0x080042e8      0xc58 c:/sysgcc/arm-eabi/bin/../lib/gcc/arm-none-eabi/12.2.1/thumb/v7-m/nofp\libc_nano.a(libc_a-dtoa.o)
                0x080042e8                _dtoa_r
 .text._free_r  0x08004f40       0x90 c:/sysgcc/arm-eabi/bin/../lib/gcc/arm-none-eabi/12.2.1/thumb/v7-m/nofp\libc_nano.a(libc_a-freer.o)
                0x08004f40                _free_r
 .text.malloc   0x08004fd0       0x10 c:/sysgcc/arm-eabi/bin/../lib/gcc/arm-none-eabi/12.2.1/thumb/v7-m/nofp\libc_nano.a(libc_a-malloc.o)
                0x08004fd0                malloc
 .text.sbrk_aligned
                0x08004fe0       0x44 c:/sysgcc/arm-eabi/bin/../lib/gcc/arm-none-eabi/12.2.1/thumb/v7-m/nofp\libc_nano.a(libc_a-mallocr.o)
 .text._malloc_r
                0x08005024      0x100 c:/sysgcc/arm-eabi/bin/../lib/gcc/arm-none-eabi/12.2.1/thumb/v7-m/nofp\libc_nano.a(libc_a-mallocr.o)
                0x08005024                _malloc_r
 .text.__malloc_lock
                0x08005124        0xc c:/sysgcc/arm-eabi/bin/../lib/gcc/arm-none-eabi/12.2.1/thumb/v7-m/nofp\libc_nano.a(libc_a-mlock.o)
                0x08005124                __malloc_lock
 .text.__malloc_unlock
                0x08005130        0xc c:/sysgcc/arm-eabi/bin/../lib/gcc/arm-none-eabi/12.2.1/thumb/v7-m/nofp\libc_nano.a(libc_a-mlock.o)
                0x08005130                __malloc_unlock
 .text._Balloc  0x0800513c       0x80 c:/sysgcc/arm-eabi/bin/../lib/gcc/arm-none-eabi/12.2.1/thumb/v7-m/nofp\libc_nano.a(libc_a-mprec.o)
                0x0800513c                _Balloc
 .text._Bfree   0x080051bc       0x44 c:/sysgcc/arm-eabi/bin/../lib/gcc/arm-none-eabi/12.2.1/thumb/v7-m/nofp\libc_nano.a(libc_a-mprec.o)
                0x080051bc                _Bfree
 .text.__multadd
                0x08005200       0x8c c:/sysgcc/arm-eabi/bin/../lib/gcc/arm-none-eabi/12.2.1/thumb/v7-m/nofp\libc_nano.a(libc_a-mprec.o)
                0x08005200                __multadd
 .text.__hi0bits
                0x0800528c       0x44 c:/sysgcc/arm-eabi/bin/../lib/gcc/arm-none-eabi/12.2.1/thumb/v7-m/nofp\libc_nano.a(libc_a-mprec.o)
                0x0800528c                __hi0bits
 .text.__lo0bits
                0x080052d0       0x5a c:/sysgcc/arm-eabi/bin/../lib/gcc/arm-none-eabi/12.2.1/thumb/v7-m/nofp\libc_nano.a(libc_a-mprec.o)
                0x080052d0                __lo0bits
 *fill*         0x0800532a        0x2 
 .text.__i2b    0x0800532c       0x2c c:/sysgcc/arm-eabi/bin/../lib/gcc/arm-none-eabi/12.2.1/thumb/v7-m/nofp\libc_nano.a(libc_a-mprec.o)
                0x0800532c                __i2b
 .text.__multiply
                0x08005358      0x150 c:/sysgcc/arm-eabi/bin/../lib/gcc/arm-none-eabi/12.2.1/thumb/v7-m/nofp\libc_nano.a(libc_a-mprec.o)
                0x08005358                __multiply
 .text.__pow5mult
                0x080054a8       0xb4 c:/sysgcc/arm-eabi/bin/../lib/gcc/arm-none-eabi/12.2.1/thumb/v7-m/nofp\libc_nano.a(libc_a-mprec.o)
                0x080054a8                __pow5mult
 .text.__lshift
                0x0800555c       0xd8 c:/sysgcc/arm-eabi/bin/../lib/gcc/arm-none-eabi/12.2.1/thumb/v7-m/nofp\libc_nano.a(libc_a-mprec.o)
                0x0800555c                __lshift
 .text.__mcmp   0x08005634       0x36 c:/sysgcc/arm-eabi/bin/../lib/gcc/arm-none-eabi/12.2.1/thumb/v7-m/nofp\libc_nano.a(libc_a-mprec.o)
                0x08005634                __mcmp
 *fill*         0x0800566a        0x2 
 .text.__mdiff  0x0800566c      0x128 c:/sysgcc/arm-eabi/bin/../lib/gcc/arm-none-eabi/12.2.1/thumb/v7-m/nofp\libc_nano.a(libc_a-mprec.o)
                0x0800566c                __mdiff
 .text.__d2b    0x08005794       0xb0 c:/sysgcc/arm-eabi/bin/../lib/gcc/arm-none-eabi/12.2.1/thumb/v7-m/nofp\libc_nano.a(libc_a-mprec.o)
                0x08005794                __d2b
 .text.__ssputs_r
                0x08005844       0xb6 c:/sysgcc/arm-eabi/bin/../lib/gcc/arm-none-eabi/12.2.1/thumb/v7-m/nofp\libc_nano.a(libc_a-nano-svfprintf.o)
                0x08005844                __ssputs_r
 *fill*         0x080058fa        0x2 
 .text._svfprintf_r
                0x080058fc      0x1f8 c:/sysgcc/arm-eabi/bin/../lib/gcc/arm-none-eabi/12.2.1/thumb/v7-m/nofp\libc_nano.a(libc_a-nano-svfprintf.o)
                0x080058fc                _svfiprintf_r
                0x080058fc                _svfprintf_r
 .text.__sflush_r
                0x08005af4      0x100 c:/sysgcc/arm-eabi/bin/../lib/gcc/arm-none-eabi/12.2.1/thumb/v7-m/nofp\libc_nano.a(libc_a-fflush.o)
                0x08005af4                __sflush_r
 .text._fflush_r
                0x08005bf4       0x50 c:/sysgcc/arm-eabi/bin/../lib/gcc/arm-none-eabi/12.2.1/thumb/v7-m/nofp\libc_nano.a(libc_a-fflush.o)
                0x08005bf4                _fflush_r
 .text.memmove  0x08005c44       0x34 c:/sysgcc/arm-eabi/bin/../lib/gcc/arm-none-eabi/12.2.1/thumb/v7-m/nofp\libc_nano.a(libc_a-memmove.o)
                0x08005c44                memmove
 .text._sbrk_r  0x08005c78       0x20 c:/sysgcc/arm-eabi/bin/../lib/gcc/arm-none-eabi/12.2.1/thumb/v7-m/nofp\libc_nano.a(libc_a-sbrkr.o)
                0x08005c78                _sbrk_r
 .text.__assert_func
                0x08005c98       0x3c c:/sysgcc/arm-eabi/bin/../lib/gcc/arm-none-eabi/12.2.1/thumb/v7-m/nofp\libc_nano.a(libc_a-assert.o)
                0x08005c98                __assert_func
 .text._calloc_r
                0x08005cd4       0x28 c:/sysgcc/arm-eabi/bin/../lib/gcc/arm-none-eabi/12.2.1/thumb/v7-m/nofp\libc_nano.a(libc_a-callocr.o)
                0x08005cd4                _calloc_r
 .text.__ascii_mbtowc
                0x08005cfc       0x24 c:/sysgcc/arm-eabi/bin/../lib/gcc/arm-none-eabi/12.2.1/thumb/v7-m/nofp\libc_nano.a(libc_a-mbtowc_r.o)
                0x08005cfc                __ascii_mbtowc
 .text._realloc_r
                0x08005d20       0x5c c:/sysgcc/arm-eabi/bin/../lib/gcc/arm-none-eabi/12.2.1/thumb/v7-m/nofp\libc_nano.a(libc_a-reallocr.o)
                0x08005d20                _realloc_r
 .text.__ascii_wctomb
                0x08005d7c       0x1a c:/sysgcc/arm-eabi/bin/../lib/gcc/arm-none-eabi/12.2.1/thumb/v7-m/nofp\libc_nano.a(libc_a-wctomb_r.o)
                0x08005d7c                __ascii_wctomb
 *fill*         0x08005d96        0x2 
 .text.fprintf  0x08005d98       0x24 c:/sysgcc/arm-eabi/bin/../lib/gcc/arm-none-eabi/12.2.1/thumb/v7-m/nofp\libc_nano.a(libc_a-fprintf.o)
                0x08005d98                fiprintf
                0x08005d98                fprintf
 .text.abort    0x08005dbc        0xe c:/sysgcc/arm-eabi/bin/../lib/gcc/arm-none-eabi/12.2.1/thumb/v7-m/nofp\libc_nano.a(libc_a-abort.o)
                0x08005dbc                abort
 .text._malloc_usable_size_r
                0x08005dca       0x10 c:/sysgcc/arm-eabi/bin/../lib/gcc/arm-none-eabi/12.2.1/thumb/v7-m/nofp\libc_nano.a(libc_a-msizer.o)
                0x08005dca                _malloc_usable_size_r
 .text.__sfputc_r
                0x08005dda       0x2a c:/sysgcc/arm-eabi/bin/../lib/gcc/arm-none-eabi/12.2.1/thumb/v7-m/nofp\libc_nano.a(libc_a-nano-vfprintf.o)
 .text.__sfputs_r
                0x08005e04       0x24 c:/sysgcc/arm-eabi/bin/../lib/gcc/arm-none-eabi/12.2.1/thumb/v7-m/nofp\libc_nano.a(libc_a-nano-vfprintf.o)
                0x08005e04                __sfputs_r
 .text._vfprintf_r
                0x08005e28      0x230 c:/sysgcc/arm-eabi/bin/../lib/gcc/arm-none-eabi/12.2.1/thumb/v7-m/nofp\libc_nano.a(libc_a-nano-vfprintf.o)
                0x08005e28                _vfprintf_r
                0x08005e28                _vfiprintf_r
 .text.__swbuf_r
                0x08006058       0x7c c:/sysgcc/arm-eabi/bin/../lib/gcc/arm-none-eabi/12.2.1/thumb/v7-m/nofp\libc_nano.a(libc_a-wbuf.o)
                0x08006058                __swbuf_r
 .text.__swsetup_r
                0x080060d4       0xac c:/sysgcc/arm-eabi/bin/../lib/gcc/arm-none-eabi/12.2.1/thumb/v7-m/nofp\libc_nano.a(libc_a-wsetup.o)
                0x080060d4                __swsetup_r
 .text._raise_r
                0x08006180       0x50 c:/sysgcc/arm-eabi/bin/../lib/gcc/arm-none-eabi/12.2.1/thumb/v7-m/nofp\libc_nano.a(libc_a-signal.o)
                0x08006180                _raise_r
 .text.raise    0x080061d0       0x10 c:/sysgcc/arm-eabi/bin/../lib/gcc/arm-none-eabi/12.2.1/thumb/v7-m/nofp\libc_nano.a(libc_a-signal.o)
                0x080061d0                raise
 .text._kill_r  0x080061e0       0x24 c:/sysgcc/arm-eabi/bin/../lib/gcc/arm-none-eabi/12.2.1/thumb/v7-m/nofp\libc_nano.a(libc_a-signalr.o)
                0x080061e0                _kill_r
 .text._getpid_r
                0x08006204        0x4 c:/sysgcc/arm-eabi/bin/../lib/gcc/arm-none-eabi/12.2.1/thumb/v7-m/nofp\libc_nano.a(libc_a-signalr.o)
                0x08006204                _getpid_r
 .text.__swhatbuf_r
                0x08006208       0x4a c:/sysgcc/arm-eabi/bin/../lib/gcc/arm-none-eabi/12.2.1/thumb/v7-m/nofp\libc_nano.a(libc_a-makebuf.o)
                0x08006208                __swhatbuf_r
 .text.__smakebuf_r
                0x08006252       0x78 c:/sysgcc/arm-eabi/bin/../lib/gcc/arm-none-eabi/12.2.1/thumb/v7-m/nofp\libc_nano.a(libc_a-makebuf.o)
                0x08006252                __smakebuf_r
 *fill*         0x080062ca        0x2 
 .text._fstat_r
                0x080062cc       0x24 c:/sysgcc/arm-eabi/bin/../lib/gcc/arm-none-eabi/12.2.1/thumb/v7-m/nofp\libc_nano.a(libc_a-fstatr.o)
                0x080062cc                _fstat_r
 .text._isatty_r
                0x080062f0       0x20 c:/sysgcc/arm-eabi/bin/../lib/gcc/arm-none-eabi/12.2.1/thumb/v7-m/nofp\libc_nano.a(libc_a-isattyr.o)
                0x080062f0                _isatty_r
 .text._close   0x08006310       0x10 c:/sysgcc/arm-eabi/bin/../lib/gcc/arm-none-eabi/12.2.1/thumb/v7-m/nofp\libnosys.a(close.o)
                0x08006310                _close
 .text._fstat   0x08006320       0x10 c:/sysgcc/arm-eabi/bin/../lib/gcc/arm-none-eabi/12.2.1/thumb/v7-m/nofp\libnosys.a(fstat.o)
                0x08006320                _fstat
 .text._getpid  0x08006330       0x10 c:/sysgcc/arm-eabi/bin/../lib/gcc/arm-none-eabi/12.2.1/thumb/v7-m/nofp\libnosys.a(getpid.o)
                0x08006330                _getpid
 .text._isatty  0x08006340       0x10 c:/sysgcc/arm-eabi/bin/../lib/gcc/arm-none-eabi/12.2.1/thumb/v7-m/nofp\libnosys.a(isatty.o)
                0x08006340                _isatty
 .text._kill    0x08006350       0x10 c:/sysgcc/arm-eabi/bin/../lib/gcc/arm-none-eabi/12.2.1/thumb/v7-m/nofp\libnosys.a(kill.o)
                0x08006350                _kill
 .text._lseek   0x08006360       0x10 c:/sysgcc/arm-eabi/bin/../lib/gcc/arm-none-eabi/12.2.1/thumb/v7-m/nofp\libnosys.a(lseek.o)
                0x08006360                _lseek
 .text._read    0x08006370       0x10 c:/sysgcc/arm-eabi/bin/../lib/gcc/arm-none-eabi/12.2.1/thumb/v7-m/nofp\libnosys.a(read.o)
                0x08006370                _read
 .text._sbrk    0x08006380       0x1c c:/sysgcc/arm-eabi/bin/../lib/gcc/arm-none-eabi/12.2.1/thumb/v7-m/nofp\libnosys.a(sbrk.o)
                0x08006380                _sbrk
 .text._write   0x0800639c       0x10 c:/sysgcc/arm-eabi/bin/../lib/gcc/arm-none-eabi/12.2.1/thumb/v7-m/nofp\libnosys.a(write.o)
                0x0800639c                _write
 .text._exit    0x080063ac        0x4 c:/sysgcc/arm-eabi/bin/../lib/gcc/arm-none-eabi/12.2.1/thumb/v7-m/nofp\libnosys.a(_exit.o)
                0x080063ac                _exit
 *(.rodata)
 .rodata        0x080063b0       0x3d VisualGDB/Debug/KCore/display/display.o
 *fill*         0x080063ed        0x3 
 .rodata        0x080063f0       0x8d VisualGDB/Debug/KCore/display/displaylist.o
 *(.rodata*)
 *fill*         0x0800647d        0x3 
 .rodata.RtdTable_50K
                0x08006480       0x44 VisualGDB/Debug/KCore/adc/ADC_Tables.o
                0x08006480                RtdTable_50K
 .rodata.RtdTable_1K
                0x080064c4       0x50 VisualGDB/Debug/KCore/adc/ADC_Tables.o
                0x080064c4                RtdTable_1K
 .rodata.Font5x7
                0x08006514      0x1e0 VisualGDB/Debug/KCore/display/st7735.o
 .rodata.F1000HZ
                0x080066f4       0x20 VisualGDB/Debug/KCore/taskmanager/taskmanager.o
                0x080066f4                F1000HZ
 .rodata.F100HZ
                0x08006714       0x20 VisualGDB/Debug/KCore/taskmanager/taskmanager.o
                0x08006714                F100HZ
 .rodata.F10HZ  0x08006734       0x20 VisualGDB/Debug/KCore/taskmanager/taskmanager.o
                0x08006734                F10HZ
 .rodata.F1HZ   0x08006754       0x20 VisualGDB/Debug/KCore/taskmanager/taskmanager.o
                0x08006754                F1HZ
 .rodata._printf_float.str1.1
                0x08006774       0x12 c:/sysgcc/arm-eabi/bin/../lib/gcc/arm-none-eabi/12.2.1/thumb/v7-m/nofp\libc_nano.a(libc_a-nano-vfprintf_float.o)
 .rodata._printf_i.str1.1
                0x08006786       0x22 c:/sysgcc/arm-eabi/bin/../lib/gcc/arm-none-eabi/12.2.1/thumb/v7-m/nofp\libc_nano.a(libc_a-nano-vfprintf_i.o)
 .rodata._dtoa_r.str1.1
                0x080067a8       0x96 c:/sysgcc/arm-eabi/bin/../lib/gcc/arm-none-eabi/12.2.1/thumb/v7-m/nofp\libc_nano.a(libc_a-dtoa.o)
                                 0x98 (size before relaxing)
 .rodata._Balloc.str1.1
                0x0800683e       0x62 c:/sysgcc/arm-eabi/bin/../lib/gcc/arm-none-eabi/12.2.1/thumb/v7-m/nofp\libc_nano.a(libc_a-mprec.o)
                                 0x79 (size before relaxing)
 .rodata.__multadd.str1.1
                0x080068a0       0x11 c:/sysgcc/arm-eabi/bin/../lib/gcc/arm-none-eabi/12.2.1/thumb/v7-m/nofp\libc_nano.a(libc_a-mprec.o)
 .rodata.p05.0  0x080068a0        0xc c:/sysgcc/arm-eabi/bin/../lib/gcc/arm-none-eabi/12.2.1/thumb/v7-m/nofp\libc_nano.a(libc_a-mprec.o)
 *fill*         0x080068ac        0x4 
 .rodata.__mprec_bigtens
                0x080068b0       0x28 c:/sysgcc/arm-eabi/bin/../lib/gcc/arm-none-eabi/12.2.1/thumb/v7-m/nofp\libc_nano.a(libc_a-mprec.o)
                0x080068b0                __mprec_bigtens
 .rodata.__mprec_tens
                0x080068d8       0xc8 c:/sysgcc/arm-eabi/bin/../lib/gcc/arm-none-eabi/12.2.1/thumb/v7-m/nofp\libc_nano.a(libc_a-mprec.o)
                0x080068d8                __mprec_tens
 .rodata._svfprintf_r.str1.1
                0x080069a0       0x11 c:/sysgcc/arm-eabi/bin/../lib/gcc/arm-none-eabi/12.2.1/thumb/v7-m/nofp\libc_nano.a(libc_a-nano-svfprintf.o)
 .rodata._setlocale_r.str1.1
                0x080069b1        0x8 c:/sysgcc/arm-eabi/bin/../lib/gcc/arm-none-eabi/12.2.1/thumb/v7-m/nofp\libc_nano.a(libc_a-locale.o)
                                  0x9 (size before relaxing)
 .rodata.str1.1
                0x080069b9        0x2 c:/sysgcc/arm-eabi/bin/../lib/gcc/arm-none-eabi/12.2.1/thumb/v7-m/nofp\libc_nano.a(libc_a-locale.o)
 .rodata.__assert_func.str1.1
                0x080069bb       0x3c c:/sysgcc/arm-eabi/bin/../lib/gcc/arm-none-eabi/12.2.1/thumb/v7-m/nofp\libc_nano.a(libc_a-assert.o)
                                 0x3d (size before relaxing)
 .rodata._ctype_
                0x080069f7      0x101 c:/sysgcc/arm-eabi/bin/../lib/gcc/arm-none-eabi/12.2.1/thumb/v7-m/nofp\libc_nano.a(libc_a-ctype_.o)
                0x080069f7                _ctype_
 .rodata._vfprintf_r.str1.1
                0x08006af8       0x11 c:/sysgcc/arm-eabi/bin/../lib/gcc/arm-none-eabi/12.2.1/thumb/v7-m/nofp\libc_nano.a(libc_a-nano-vfprintf.o)
 *(.glue_7)
 .glue_7        0x08006af8        0x0 linker stubs
 *(.glue_7t)
 .glue_7t       0x08006af8        0x0 linker stubs
 *(.init)
 .init          0x08006af8        0x4 c:/sysgcc/arm-eabi/bin/../lib/gcc/arm-none-eabi/12.2.1/thumb/v7-m/nofp/crti.o
                0x08006af8                _init
 .init          0x08006afc        0x8 c:/sysgcc/arm-eabi/bin/../lib/gcc/arm-none-eabi/12.2.1/thumb/v7-m/nofp/crtn.o
 *(.fini)
 .fini          0x08006b04        0x4 c:/sysgcc/arm-eabi/bin/../lib/gcc/arm-none-eabi/12.2.1/thumb/v7-m/nofp/crti.o
                0x08006b04                _fini
 .fini          0x08006b08        0x8 c:/sysgcc/arm-eabi/bin/../lib/gcc/arm-none-eabi/12.2.1/thumb/v7-m/nofp/crtn.o
                0x08006b10                        . = ALIGN (0x4)
                0x08006b10                        _etext = .

.vfp11_veneer   0x08006b10        0x0
 .vfp11_veneer  0x08006b10        0x0 linker stubs

.v4_bx          0x08006b10        0x0
 .v4_bx         0x08006b10        0x0 linker stubs

.iplt           0x08006b10        0x0
 .iplt          0x08006b10        0x0 c:/sysgcc/arm-eabi/bin/../lib/gcc/arm-none-eabi/12.2.1/thumb/v7-m/nofp/crtbegin.o

.ARM.extab      0x08006b10        0x0
                0x08006b10                        . = ALIGN (0x4)
 *(.ARM.extab)
 *(.gnu.linkonce.armextab.*)
                0x08006b10                        . = ALIGN (0x4)

.exidx          0x08006b10        0x8
                0x08006b10                        . = ALIGN (0x4)
                [!provide]                        PROVIDE (__exidx_start = .)
 *(.ARM.exidx*)
 .ARM.exidx     0x08006b10        0x8 c:/sysgcc/arm-eabi/bin/../lib/gcc/arm-none-eabi/12.2.1/thumb/v7-m/nofp\libc_nano.a(libc_a-strlen.o)
                0x08006b18                        . = ALIGN (0x4)
                [!provide]                        PROVIDE (__exidx_end = .)

.rel.dyn        0x08006b18        0x0
 .rel.iplt      0x08006b18        0x0 c:/sysgcc/arm-eabi/bin/../lib/gcc/arm-none-eabi/12.2.1/thumb/v7-m/nofp/crtbegin.o

.ARM.attributes
                0x08006b18       0x29
 *(.ARM.attributes)
 .ARM.attributes
                0x08006b18       0x1d c:/sysgcc/arm-eabi/bin/../lib/gcc/arm-none-eabi/12.2.1/thumb/v7-m/nofp/crti.o
 .ARM.attributes
                0x08006b35       0x2d c:/sysgcc/arm-eabi/bin/../lib/gcc/arm-none-eabi/12.2.1/thumb/v7-m/nofp/crtbegin.o
 .ARM.attributes
                0x08006b62       0x2d VisualGDB/Debug/KCore/adc/1xx/adc_1xx.o
 .ARM.attributes
                0x08006b8f       0x2d VisualGDB/Debug/KCore/adc/adc.o
 .ARM.attributes
                0x08006bbc       0x2d VisualGDB/Debug/KCore/adc/ADC_Tables.o
 .ARM.attributes
                0x08006be9       0x2d VisualGDB/Debug/KCore/display/display.o
 .ARM.attributes
                0x08006c16       0x2d VisualGDB/Debug/KCore/display/displaylist.o
 .ARM.attributes
                0x08006c43       0x2d VisualGDB/Debug/KCore/display/gui.o
 .ARM.attributes
                0x08006c70       0x2d VisualGDB/Debug/KCore/display/st7735.o
 .ARM.attributes
                0x08006c9d       0x2d VisualGDB/Debug/KCore/gpio/pins.o
 .ARM.attributes
                0x08006cca       0x2d VisualGDB/Debug/KCore/taskmanager/taskmanager.o
 .ARM.attributes
                0x08006cf7       0x2d VisualGDB/Debug/KCore/timer/timer.o
 .ARM.attributes
                0x08006d24       0x2d VisualGDB/Debug/KCore/utils/utils.o
 .ARM.attributes
                0x08006d51       0x2d VisualGDB/Debug/cmsis_boot/startup/startup_stm32f10x_ld.o
 .ARM.attributes
                0x08006d7e       0x2d VisualGDB/Debug/cmsis_boot/system_stm32f10x.o
 .ARM.attributes
                0x08006dab       0x2d VisualGDB/Debug/cmsis_lib/src/stm32f10x_adc.o
 .ARM.attributes
                0x08006dd8       0x2d VisualGDB/Debug/cmsis_lib/src/stm32f10x_gpio.o
 .ARM.attributes
                0x08006e05       0x2d VisualGDB/Debug/cmsis_lib/src/stm32f10x_rcc.o
 .ARM.attributes
                0x08006e32       0x2d VisualGDB/Debug/cmsis_lib/src/stm32f10x_spi.o
 .ARM.attributes
                0x08006e5f       0x2d VisualGDB/Debug/cmsis_lib/src/stm32f10x_tim.o
 .ARM.attributes
                0x08006e8c       0x2d VisualGDB/Debug/KCore/gpio/gpio.o
 .ARM.attributes
                0x08006eb9       0x2d VisualGDB/Debug/KCore/main.o
 .ARM.attributes
                0x08006ee6       0x1d c:/sysgcc/arm-eabi/bin/../lib/gcc/arm-none-eabi/12.2.1/thumb/v7-m/nofp\libgcc.a(_arm_addsubdf3.o)
 .ARM.attributes
                0x08006f03       0x1d c:/sysgcc/arm-eabi/bin/../lib/gcc/arm-none-eabi/12.2.1/thumb/v7-m/nofp\libgcc.a(_arm_addsubsf3.o)
 .ARM.attributes
                0x08006f20       0x1d c:/sysgcc/arm-eabi/bin/../lib/gcc/arm-none-eabi/12.2.1/thumb/v7-m/nofp\libgcc.a(_arm_muldivsf3.o)
 .ARM.attributes
                0x08006f3d       0x1d c:/sysgcc/arm-eabi/bin/../lib/gcc/arm-none-eabi/12.2.1/thumb/v7-m/nofp\libgcc.a(_arm_fixunssfsi.o)
 .ARM.attributes
                0x08006f5a       0x2d c:/sysgcc/arm-eabi/bin/../lib/gcc/arm-none-eabi/12.2.1/thumb/v7-m/nofp\libc_nano.a(libc_a-nano-vfprintf_float.o)
 .ARM.attributes
                0x08006f87       0x2d c:/sysgcc/arm-eabi/bin/../lib/gcc/arm-none-eabi/12.2.1/thumb/v7-m/nofp\libc_nano.a(libc_a-nano-vfprintf_i.o)
 .ARM.attributes
                0x08006fb4       0x2d c:/sysgcc/arm-eabi/bin/../lib/gcc/arm-none-eabi/12.2.1/thumb/v7-m/nofp\libc_nano.a(libc_a-findfp.o)
 .ARM.attributes
                0x08006fe1       0x2d c:/sysgcc/arm-eabi/bin/../lib/gcc/arm-none-eabi/12.2.1/thumb/v7-m/nofp\libc_nano.a(libc_a-fwalk.o)
 .ARM.attributes
                0x0800700e       0x2d c:/sysgcc/arm-eabi/bin/../lib/gcc/arm-none-eabi/12.2.1/thumb/v7-m/nofp\libc_nano.a(libc_a-sprintf.o)
 .ARM.attributes
                0x0800703b       0x2d c:/sysgcc/arm-eabi/bin/../lib/gcc/arm-none-eabi/12.2.1/thumb/v7-m/nofp\libc_nano.a(libc_a-stdio.o)
 .ARM.attributes
                0x08007068       0x2d c:/sysgcc/arm-eabi/bin/../lib/gcc/arm-none-eabi/12.2.1/thumb/v7-m/nofp\libc_nano.a(libc_a-memset.o)
 .ARM.attributes
                0x08007095       0x2d c:/sysgcc/arm-eabi/bin/../lib/gcc/arm-none-eabi/12.2.1/thumb/v7-m/nofp\libc_nano.a(libc_a-localeconv.o)
 .ARM.attributes
                0x080070c2       0x2d c:/sysgcc/arm-eabi/bin/../lib/gcc/arm-none-eabi/12.2.1/thumb/v7-m/nofp\libc_nano.a(libc_a-closer.o)
 .ARM.attributes
                0x080070ef       0x2d c:/sysgcc/arm-eabi/bin/../lib/gcc/arm-none-eabi/12.2.1/thumb/v7-m/nofp\libc_nano.a(libc_a-reent.o)
 .ARM.attributes
                0x0800711c       0x2d c:/sysgcc/arm-eabi/bin/../lib/gcc/arm-none-eabi/12.2.1/thumb/v7-m/nofp\libc_nano.a(libc_a-impure.o)
 .ARM.attributes
                0x08007149       0x2d c:/sysgcc/arm-eabi/bin/../lib/gcc/arm-none-eabi/12.2.1/thumb/v7-m/nofp\libc_nano.a(libc_a-lseekr.o)
 .ARM.attributes
                0x08007176       0x2d c:/sysgcc/arm-eabi/bin/../lib/gcc/arm-none-eabi/12.2.1/thumb/v7-m/nofp\libc_nano.a(libc_a-readr.o)
 .ARM.attributes
                0x080071a3       0x2d c:/sysgcc/arm-eabi/bin/../lib/gcc/arm-none-eabi/12.2.1/thumb/v7-m/nofp\libc_nano.a(libc_a-writer.o)
 .ARM.attributes
                0x080071d0       0x2d c:/sysgcc/arm-eabi/bin/../lib/gcc/arm-none-eabi/12.2.1/thumb/v7-m/nofp\libc_nano.a(libc_a-lock.o)
 .ARM.attributes
                0x080071fd       0x2d c:/sysgcc/arm-eabi/bin/../lib/gcc/arm-none-eabi/12.2.1/thumb/v7-m/nofp\libc_nano.a(libc_a-memchr-stub.o)
 .ARM.attributes
                0x0800722a       0x2d c:/sysgcc/arm-eabi/bin/../lib/gcc/arm-none-eabi/12.2.1/thumb/v7-m/nofp\libc_nano.a(libc_a-memcpy-stub.o)
 .ARM.attributes
                0x08007257       0x17 c:/sysgcc/arm-eabi/bin/../lib/gcc/arm-none-eabi/12.2.1/thumb/v7-m/nofp\libc_nano.a(libc_a-strlen.o)
 .ARM.attributes
                0x0800726e       0x2d c:/sysgcc/arm-eabi/bin/../lib/gcc/arm-none-eabi/12.2.1/thumb/v7-m/nofp\libc_nano.a(libc_a-dtoa.o)
 .ARM.attributes
                0x0800729b       0x2d c:/sysgcc/arm-eabi/bin/../lib/gcc/arm-none-eabi/12.2.1/thumb/v7-m/nofp\libc_nano.a(libc_a-freer.o)
 .ARM.attributes
                0x080072c8       0x2d c:/sysgcc/arm-eabi/bin/../lib/gcc/arm-none-eabi/12.2.1/thumb/v7-m/nofp\libc_nano.a(libc_a-malloc.o)
 .ARM.attributes
                0x080072f5       0x2d c:/sysgcc/arm-eabi/bin/../lib/gcc/arm-none-eabi/12.2.1/thumb/v7-m/nofp\libc_nano.a(libc_a-mallocr.o)
 .ARM.attributes
                0x08007322       0x2d c:/sysgcc/arm-eabi/bin/../lib/gcc/arm-none-eabi/12.2.1/thumb/v7-m/nofp\libc_nano.a(libc_a-mlock.o)
 .ARM.attributes
                0x0800734f       0x2d c:/sysgcc/arm-eabi/bin/../lib/gcc/arm-none-eabi/12.2.1/thumb/v7-m/nofp\libc_nano.a(libc_a-mprec.o)
 .ARM.attributes
                0x0800737c       0x2d c:/sysgcc/arm-eabi/bin/../lib/gcc/arm-none-eabi/12.2.1/thumb/v7-m/nofp\libc_nano.a(libc_a-nano-svfprintf.o)
 .ARM.attributes
                0x080073a9       0x2d c:/sysgcc/arm-eabi/bin/../lib/gcc/arm-none-eabi/12.2.1/thumb/v7-m/nofp\libc_nano.a(libc_a-fflush.o)
 .ARM.attributes
                0x080073d6       0x2d c:/sysgcc/arm-eabi/bin/../lib/gcc/arm-none-eabi/12.2.1/thumb/v7-m/nofp\libc_nano.a(libc_a-memmove.o)
 .ARM.attributes
                0x08007403       0x2d c:/sysgcc/arm-eabi/bin/../lib/gcc/arm-none-eabi/12.2.1/thumb/v7-m/nofp\libc_nano.a(libc_a-locale.o)
 .ARM.attributes
                0x08007430       0x2d c:/sysgcc/arm-eabi/bin/../lib/gcc/arm-none-eabi/12.2.1/thumb/v7-m/nofp\libc_nano.a(libc_a-sbrkr.o)
 .ARM.attributes
                0x0800745d       0x2d c:/sysgcc/arm-eabi/bin/../lib/gcc/arm-none-eabi/12.2.1/thumb/v7-m/nofp\libc_nano.a(libc_a-assert.o)
 .ARM.attributes
                0x0800748a       0x2d c:/sysgcc/arm-eabi/bin/../lib/gcc/arm-none-eabi/12.2.1/thumb/v7-m/nofp\libc_nano.a(libc_a-callocr.o)
 .ARM.attributes
                0x080074b7       0x2d c:/sysgcc/arm-eabi/bin/../lib/gcc/arm-none-eabi/12.2.1/thumb/v7-m/nofp\libc_nano.a(libc_a-mbtowc_r.o)
 .ARM.attributes
                0x080074e4       0x2d c:/sysgcc/arm-eabi/bin/../lib/gcc/arm-none-eabi/12.2.1/thumb/v7-m/nofp\libc_nano.a(libc_a-reallocr.o)
 .ARM.attributes
                0x08007511       0x2d c:/sysgcc/arm-eabi/bin/../lib/gcc/arm-none-eabi/12.2.1/thumb/v7-m/nofp\libc_nano.a(libc_a-wctomb_r.o)
 .ARM.attributes
                0x0800753e       0x2d c:/sysgcc/arm-eabi/bin/../lib/gcc/arm-none-eabi/12.2.1/thumb/v7-m/nofp\libc_nano.a(libc_a-ctype_.o)
 .ARM.attributes
                0x0800756b       0x2d c:/sysgcc/arm-eabi/bin/../lib/gcc/arm-none-eabi/12.2.1/thumb/v7-m/nofp\libc_nano.a(libc_a-fprintf.o)
 .ARM.attributes
                0x08007598       0x2d c:/sysgcc/arm-eabi/bin/../lib/gcc/arm-none-eabi/12.2.1/thumb/v7-m/nofp\libc_nano.a(libc_a-abort.o)
 .ARM.attributes
                0x080075c5       0x2d c:/sysgcc/arm-eabi/bin/../lib/gcc/arm-none-eabi/12.2.1/thumb/v7-m/nofp\libc_nano.a(libc_a-msizer.o)
 .ARM.attributes
                0x080075f2       0x2d c:/sysgcc/arm-eabi/bin/../lib/gcc/arm-none-eabi/12.2.1/thumb/v7-m/nofp\libc_nano.a(libc_a-nano-vfprintf.o)
 .ARM.attributes
                0x0800761f       0x2d c:/sysgcc/arm-eabi/bin/../lib/gcc/arm-none-eabi/12.2.1/thumb/v7-m/nofp\libc_nano.a(libc_a-wbuf.o)
 .ARM.attributes
                0x0800764c       0x2d c:/sysgcc/arm-eabi/bin/../lib/gcc/arm-none-eabi/12.2.1/thumb/v7-m/nofp\libc_nano.a(libc_a-wsetup.o)
 .ARM.attributes
                0x08007679       0x2d c:/sysgcc/arm-eabi/bin/../lib/gcc/arm-none-eabi/12.2.1/thumb/v7-m/nofp\libc_nano.a(libc_a-signal.o)
 .ARM.attributes
                0x080076a6       0x2d c:/sysgcc/arm-eabi/bin/../lib/gcc/arm-none-eabi/12.2.1/thumb/v7-m/nofp\libc_nano.a(libc_a-signalr.o)
 .ARM.attributes
                0x080076d3       0x2d c:/sysgcc/arm-eabi/bin/../lib/gcc/arm-none-eabi/12.2.1/thumb/v7-m/nofp\libc_nano.a(libc_a-makebuf.o)
 .ARM.attributes
                0x08007700       0x2d c:/sysgcc/arm-eabi/bin/../lib/gcc/arm-none-eabi/12.2.1/thumb/v7-m/nofp\libc_nano.a(libc_a-fstatr.o)
 .ARM.attributes
                0x0800772d       0x2d c:/sysgcc/arm-eabi/bin/../lib/gcc/arm-none-eabi/12.2.1/thumb/v7-m/nofp\libc_nano.a(libc_a-isattyr.o)
 .ARM.attributes
                0x0800775a       0x1d c:/sysgcc/arm-eabi/bin/../lib/gcc/arm-none-eabi/12.2.1/thumb/v7-m/nofp\libgcc.a(_arm_muldivdf3.o)
 .ARM.attributes
                0x08007777       0x1d c:/sysgcc/arm-eabi/bin/../lib/gcc/arm-none-eabi/12.2.1/thumb/v7-m/nofp\libgcc.a(_arm_cmpdf2.o)
 .ARM.attributes
                0x08007794       0x1d c:/sysgcc/arm-eabi/bin/../lib/gcc/arm-none-eabi/12.2.1/thumb/v7-m/nofp\libgcc.a(_arm_unorddf2.o)
 .ARM.attributes
                0x080077b1       0x1d c:/sysgcc/arm-eabi/bin/../lib/gcc/arm-none-eabi/12.2.1/thumb/v7-m/nofp\libgcc.a(_arm_fixdfsi.o)
 .ARM.attributes
                0x080077ce       0x2d c:/sysgcc/arm-eabi/bin/../lib/gcc/arm-none-eabi/12.2.1/thumb/v7-m/nofp\libnosys.a(close.o)
 .ARM.attributes
                0x080077fb       0x2d c:/sysgcc/arm-eabi/bin/../lib/gcc/arm-none-eabi/12.2.1/thumb/v7-m/nofp\libnosys.a(fstat.o)
 .ARM.attributes
                0x08007828       0x2d c:/sysgcc/arm-eabi/bin/../lib/gcc/arm-none-eabi/12.2.1/thumb/v7-m/nofp\libnosys.a(getpid.o)
 .ARM.attributes
                0x08007855       0x2d c:/sysgcc/arm-eabi/bin/../lib/gcc/arm-none-eabi/12.2.1/thumb/v7-m/nofp\libnosys.a(isatty.o)
 .ARM.attributes
                0x08007882       0x2d c:/sysgcc/arm-eabi/bin/../lib/gcc/arm-none-eabi/12.2.1/thumb/v7-m/nofp\libnosys.a(kill.o)
 .ARM.attributes
                0x080078af       0x2d c:/sysgcc/arm-eabi/bin/../lib/gcc/arm-none-eabi/12.2.1/thumb/v7-m/nofp\libnosys.a(lseek.o)
 .ARM.attributes
                0x080078dc       0x2d c:/sysgcc/arm-eabi/bin/../lib/gcc/arm-none-eabi/12.2.1/thumb/v7-m/nofp\libnosys.a(read.o)
 .ARM.attributes
                0x08007909       0x2d c:/sysgcc/arm-eabi/bin/../lib/gcc/arm-none-eabi/12.2.1/thumb/v7-m/nofp\libnosys.a(sbrk.o)
 .ARM.attributes
                0x08007936       0x2d c:/sysgcc/arm-eabi/bin/../lib/gcc/arm-none-eabi/12.2.1/thumb/v7-m/nofp\libnosys.a(write.o)
 .ARM.attributes
                0x08007963       0x2d c:/sysgcc/arm-eabi/bin/../lib/gcc/arm-none-eabi/12.2.1/thumb/v7-m/nofp\libnosys.a(_exit.o)
 .ARM.attributes
                0x08007990       0x2d c:/sysgcc/arm-eabi/bin/../lib/gcc/arm-none-eabi/12.2.1/thumb/v7-m/nofp/crtend.o
 .ARM.attributes
                0x080079bd       0x1d c:/sysgcc/arm-eabi/bin/../lib/gcc/arm-none-eabi/12.2.1/thumb/v7-m/nofp/crtn.o

.preinit_array  0x08006b18        0x0
                0x08006b18                        PROVIDE (__preinit_array_start = .)
 *(.preinit_array*)
                0x08006b18                        PROVIDE (__preinit_array_end = .)

.init_array     0x08006b18        0x4
                0x08006b18                        PROVIDE (__init_array_start = .)
 *(SORT_BY_NAME(.init_array.*))
 *(.init_array*)
 .init_array    0x08006b18        0x4 c:/sysgcc/arm-eabi/bin/../lib/gcc/arm-none-eabi/12.2.1/thumb/v7-m/nofp/crtbegin.o
                0x08006b1c                        PROVIDE (__init_array_end = .)

.fini_array     0x08006b1c        0x4
                [!provide]                        PROVIDE (__fini_array_start = .)
 *(.fini_array*)
 .fini_array    0x08006b1c        0x4 c:/sysgcc/arm-eabi/bin/../lib/gcc/arm-none-eabi/12.2.1/thumb/v7-m/nofp/crtbegin.o
 *(SORT_BY_NAME(.fini_array.*))
                [!provide]                        PROVIDE (__fini_array_end = .)

.data           0x20000000      0x390 load address 0x08006b20
                0x20000000                        . = ALIGN (0x4)
                0x20000000                        _sdata = .
                [!provide]                        PROVIDE (__data_start__ = _sdata)
 *(.data)
 *(.data*)
 .data.adcConversionFactor
                0x20000000        0x4 VisualGDB/Debug/KCore/adc/adc.o
                0x20000000                adcConversionFactor
 .data.AdcChannelTable
                0x20000004       0x40 VisualGDB/Debug/KCore/adc/ADC_Tables.o
                0x20000004                AdcChannelTable
 .data.LcdVarsTable
                0x20000044      0x108 VisualGDB/Debug/KCore/display/displaylist.o
                0x20000044                LcdVarsTable
 .data.TaskTimeTable1
                0x2000014c       0x30 VisualGDB/Debug/KCore/display/displaylist.o
                0x2000014c                TaskTimeTable1
 .data.TaskTimeTable2
                0x2000017c       0x48 VisualGDB/Debug/KCore/display/displaylist.o
                0x2000017c                TaskTimeTable2
 .data.SystemCoreClock
                0x200001c4        0x4 VisualGDB/Debug/cmsis_boot/system_stm32f10x.o
                0x200001c4                SystemCoreClock
 .data.__sglue  0x200001c8        0xc c:/sysgcc/arm-eabi/bin/../lib/gcc/arm-none-eabi/12.2.1/thumb/v7-m/nofp\libc_nano.a(libc_a-findfp.o)
                0x200001c8                __sglue
 .data._impure_ptr
                0x200001d4        0x4 c:/sysgcc/arm-eabi/bin/../lib/gcc/arm-none-eabi/12.2.1/thumb/v7-m/nofp\libc_nano.a(libc_a-impure.o)
                0x200001d4                _impure_ptr
 .data._impure_data
                0x200001d8       0x4c c:/sysgcc/arm-eabi/bin/../lib/gcc/arm-none-eabi/12.2.1/thumb/v7-m/nofp\libc_nano.a(libc_a-impure.o)
                0x200001d8                _impure_data
 .data.__global_locale
                0x20000224      0x16c c:/sysgcc/arm-eabi/bin/../lib/gcc/arm-none-eabi/12.2.1/thumb/v7-m/nofp\libc_nano.a(libc_a-locale.o)
                0x20000224                __global_locale
                0x20000390                        . = ALIGN (0x4)
                0x20000390                        _edata = .
                [!provide]                        PROVIDE (__data_end__ = _edata)
                0x08006b20                        _sidata = LOADADDR (.data)

.tm_clone_table
                0x20000390        0x0 load address 0x08006eb0
 .tm_clone_table
                0x20000390        0x0 c:/sysgcc/arm-eabi/bin/../lib/gcc/arm-none-eabi/12.2.1/thumb/v7-m/nofp/crtbegin.o
 .tm_clone_table
                0x20000390        0x0 c:/sysgcc/arm-eabi/bin/../lib/gcc/arm-none-eabi/12.2.1/thumb/v7-m/nofp/crtend.o
                0x20000390                __TMC_END__

.igot.plt       0x20000390        0x0 load address 0x08006eb0
 .igot.plt      0x20000390        0x0 c:/sysgcc/arm-eabi/bin/../lib/gcc/arm-none-eabi/12.2.1/thumb/v7-m/nofp/crtbegin.o

.co_stack       0x20000390      0x400 load address 0x08006eb0
 .co_stack      0x20000390      0x400 VisualGDB/Debug/cmsis_boot/startup/startup_stm32f10x_ld.o
                0x20000390                pulStack

.bss            0x20000790      0x264 load address 0x080072b0
                0x20000790                        . = ALIGN (0x4)
                0x20000790                        _sbss = .
                0x20000790                        PROVIDE (__bss_start__ = _sbss)
 *(.bss)
 *(.bss*)
 .bss.completed.1
                0x20000790        0x1 c:/sysgcc/arm-eabi/bin/../lib/gcc/arm-none-eabi/12.2.1/thumb/v7-m/nofp/crtbegin.o
 *fill*         0x20000791        0x3 
 .bss.object.0  0x20000794       0x18 c:/sysgcc/arm-eabi/bin/../lib/gcc/arm-none-eabi/12.2.1/thumb/v7-m/nofp/crtbegin.o
 .bss.RawADCDataBuffer
                0x200007ac        0x8 VisualGDB/Debug/KCore/adc/adc.o
                0x200007ac                RawADCDataBuffer
 .bss.laserTemperature
                0x200007b4        0x4 VisualGDB/Debug/KCore/adc/adc.o
                0x200007b4                laserTemperature
 .bss.ADC_Work_Channel_Index
                0x200007b8        0x2 VisualGDB/Debug/KCore/adc/adc.o
                0x200007b8                ADC_Work_Channel_Index
 *fill*         0x200007ba        0x2 
 .bss.ADC_Channel
                0x200007bc       0xa0 VisualGDB/Debug/KCore/adc/adc.o
                0x200007bc                ADC_Channel
 .bss.ADC_Work_Channel
                0x2000085c        0x4 VisualGDB/Debug/KCore/adc/adc.o
                0x2000085c                ADC_Work_Channel
 .bss.strTempVal
                0x20000860       0x28 VisualGDB/Debug/KCore/display/display.o
                0x20000860                strTempVal
 .bss.varInfo   0x20000888        0x4 VisualGDB/Debug/KCore/display/display.o
                0x20000888                varInfo
 .bss.scr_w     0x2000088c        0x2 VisualGDB/Debug/KCore/display/st7735.o
                0x2000088c                scr_w
 .bss.scr_h     0x2000088e        0x2 VisualGDB/Debug/KCore/display/st7735.o
                0x2000088e                scr_h
 .bss.scr_width
                0x20000890        0x2 VisualGDB/Debug/KCore/display/st7735.o
                0x20000890                scr_width
 .bss.scr_height
                0x20000892        0x2 VisualGDB/Debug/KCore/display/st7735.o
                0x20000892                scr_height
 .bss.SliceOffset
                0x20000894        0x2 VisualGDB/Debug/KCore/taskmanager/taskmanager.o
                0x20000894                SliceOffset
 .bss.SliceCnt  0x20000896        0x2 VisualGDB/Debug/KCore/taskmanager/taskmanager.o
                0x20000896                SliceCnt
 .bss.HeartBeat
                0x20000898        0x4 VisualGDB/Debug/KCore/taskmanager/taskmanager.o
                0x20000898                HeartBeat
 .bss.tickCount
                0x2000089c        0x4 VisualGDB/Debug/KCore/taskmanager/taskmanager.o
                0x2000089c                tickCount
 .bss.Booted    0x200008a0        0x1 VisualGDB/Debug/KCore/main.o
                0x200008a0                Booted
 .bss.DisplayIndex
                0x200008a1        0x1 VisualGDB/Debug/KCore/main.o
                0x200008a1                DisplayIndex
 *fill*         0x200008a2        0x2 
 .bss.__sf      0x200008a4      0x138 c:/sysgcc/arm-eabi/bin/../lib/gcc/arm-none-eabi/12.2.1/thumb/v7-m/nofp\libc_nano.a(libc_a-findfp.o)
                0x200008a4                __sf
 .bss.__stdio_exit_handler
                0x200009dc        0x4 c:/sysgcc/arm-eabi/bin/../lib/gcc/arm-none-eabi/12.2.1/thumb/v7-m/nofp\libc_nano.a(libc_a-findfp.o)
                0x200009dc                __stdio_exit_handler
 .bss.errno     0x200009e0        0x4 c:/sysgcc/arm-eabi/bin/../lib/gcc/arm-none-eabi/12.2.1/thumb/v7-m/nofp\libc_nano.a(libc_a-reent.o)
                0x200009e0                errno
 .bss.__lock___malloc_recursive_mutex
                0x200009e4        0x1 c:/sysgcc/arm-eabi/bin/../lib/gcc/arm-none-eabi/12.2.1/thumb/v7-m/nofp\libc_nano.a(libc_a-lock.o)
                0x200009e4                __lock___malloc_recursive_mutex
 .bss.__lock___sfp_recursive_mutex
                0x200009e5        0x1 c:/sysgcc/arm-eabi/bin/../lib/gcc/arm-none-eabi/12.2.1/thumb/v7-m/nofp\libc_nano.a(libc_a-lock.o)
                0x200009e5                __lock___sfp_recursive_mutex
 *fill*         0x200009e6        0x2 
 .bss.__malloc_sbrk_start
                0x200009e8        0x4 c:/sysgcc/arm-eabi/bin/../lib/gcc/arm-none-eabi/12.2.1/thumb/v7-m/nofp\libc_nano.a(libc_a-mallocr.o)
                0x200009e8                __malloc_sbrk_start
 .bss.__malloc_free_list
                0x200009ec        0x4 c:/sysgcc/arm-eabi/bin/../lib/gcc/arm-none-eabi/12.2.1/thumb/v7-m/nofp\libc_nano.a(libc_a-mallocr.o)
                0x200009ec                __malloc_free_list
 .bss.heap_end.0
                0x200009f0        0x4 c:/sysgcc/arm-eabi/bin/../lib/gcc/arm-none-eabi/12.2.1/thumb/v7-m/nofp\libnosys.a(sbrk.o)
 *(COMMON)
                0x200009f4                        . = ALIGN (0x4)
                0x200009f4                        _ebss = .
                0x200009f4                        PROVIDE (__bss_end__ = _ebss)
                0x200009f4                        PROVIDE (end = .)

.heap           0x200009f4        0x0 load address 0x080072b0
                0x200009f4                        . = ALIGN (0x4)
                [!provide]                        PROVIDE (__heap_start__ = .)
 *(.heap)
                0x200009f4                        . = ALIGN (0x4)
                [!provide]                        PROVIDE (__heap_end__ = .)

.reserved_for_stack
                0x200009f4        0x0 load address 0x080072b0
                0x200009f4                        . = ALIGN (0x4)
                [!provide]                        PROVIDE (__reserved_for_stack_start__ = .)
 *(.reserved_for_stack)
                0x200009f4                        . = ALIGN (0x4)
                [!provide]                        PROVIDE (__reserved_for_stack_end__ = .)
OUTPUT(../VisualGDB/Debug/Kcore_103 elf32-littlearm)
LOAD linker stubs

.debug_info     0x00000000     0x82c5
 .debug_info    0x00000000      0x1f2 VisualGDB/Debug/KCore/adc/1xx/adc_1xx.o
 .debug_info    0x000001f2      0x7bc VisualGDB/Debug/KCore/adc/adc.o
 .debug_info    0x000009ae      0x2f5 VisualGDB/Debug/KCore/adc/ADC_Tables.o
 .debug_info    0x00000ca3      0x5f2 VisualGDB/Debug/KCore/display/display.o
 .debug_info    0x00001295      0x325 VisualGDB/Debug/KCore/display/displaylist.o
 .debug_info    0x000015ba      0x567 VisualGDB/Debug/KCore/display/gui.o
 .debug_info    0x00001b21      0xd2b VisualGDB/Debug/KCore/display/st7735.o
 .debug_info    0x0000284c      0x34c VisualGDB/Debug/KCore/gpio/pins.o
 .debug_info    0x00002b98      0x1f0 VisualGDB/Debug/KCore/taskmanager/taskmanager.o
 .debug_info    0x00002d88      0x3c8 VisualGDB/Debug/KCore/timer/timer.o
 .debug_info    0x00003150      0x445 VisualGDB/Debug/KCore/utils/utils.o
 .debug_info    0x00003595      0x148 VisualGDB/Debug/cmsis_boot/startup/startup_stm32f10x_ld.o
 .debug_info    0x000036dd      0x3f7 VisualGDB/Debug/cmsis_boot/system_stm32f10x.o
 .debug_info    0x00003ad4      0xb3e VisualGDB/Debug/cmsis_lib/src/stm32f10x_adc.o
 .debug_info    0x00004612      0x6d6 VisualGDB/Debug/cmsis_lib/src/stm32f10x_gpio.o
 .debug_info    0x00004ce8      0x854 VisualGDB/Debug/cmsis_lib/src/stm32f10x_rcc.o
 .debug_info    0x0000553c      0x904 VisualGDB/Debug/cmsis_lib/src/stm32f10x_spi.o
 .debug_info    0x00005e40     0x1bac VisualGDB/Debug/cmsis_lib/src/stm32f10x_tim.o
 .debug_info    0x000079ec      0x15e VisualGDB/Debug/KCore/gpio/gpio.o
 .debug_info    0x00007b4a      0x77b VisualGDB/Debug/KCore/main.o

.debug_abbrev   0x00000000     0x1e43
 .debug_abbrev  0x00000000       0xc1 VisualGDB/Debug/KCore/adc/1xx/adc_1xx.o
 .debug_abbrev  0x000000c1      0x272 VisualGDB/Debug/KCore/adc/adc.o
 .debug_abbrev  0x00000333      0x109 VisualGDB/Debug/KCore/adc/ADC_Tables.o
 .debug_abbrev  0x0000043c      0x18d VisualGDB/Debug/KCore/display/display.o
 .debug_abbrev  0x000005c9       0xbf VisualGDB/Debug/KCore/display/displaylist.o
 .debug_abbrev  0x00000688       0xba VisualGDB/Debug/KCore/display/gui.o
 .debug_abbrev  0x00000742      0x2a2 VisualGDB/Debug/KCore/display/st7735.o
 .debug_abbrev  0x000009e4      0x181 VisualGDB/Debug/KCore/gpio/pins.o
 .debug_abbrev  0x00000b65      0x100 VisualGDB/Debug/KCore/taskmanager/taskmanager.o
 .debug_abbrev  0x00000c65      0x112 VisualGDB/Debug/KCore/timer/timer.o
 .debug_abbrev  0x00000d77      0x152 VisualGDB/Debug/KCore/utils/utils.o
 .debug_abbrev  0x00000ec9       0xea VisualGDB/Debug/cmsis_boot/startup/startup_stm32f10x_ld.o
 .debug_abbrev  0x00000fb3      0x1b7 VisualGDB/Debug/cmsis_boot/system_stm32f10x.o
 .debug_abbrev  0x0000116a      0x1da VisualGDB/Debug/cmsis_lib/src/stm32f10x_adc.o
 .debug_abbrev  0x00001344      0x215 VisualGDB/Debug/cmsis_lib/src/stm32f10x_gpio.o
 .debug_abbrev  0x00001559      0x1e1 VisualGDB/Debug/cmsis_lib/src/stm32f10x_rcc.o
 .debug_abbrev  0x0000173a      0x1da VisualGDB/Debug/cmsis_lib/src/stm32f10x_spi.o
 .debug_abbrev  0x00001914      0x1f8 VisualGDB/Debug/cmsis_lib/src/stm32f10x_tim.o
 .debug_abbrev  0x00001b0c       0xb6 VisualGDB/Debug/KCore/gpio/gpio.o
 .debug_abbrev  0x00001bc2      0x281 VisualGDB/Debug/KCore/main.o

.debug_aranges  0x00000000      0xaa0
 .debug_aranges
                0x00000000       0x20 VisualGDB/Debug/KCore/adc/1xx/adc_1xx.o
 .debug_aranges
                0x00000020       0x40 VisualGDB/Debug/KCore/adc/adc.o
 .debug_aranges
                0x00000060       0x20 VisualGDB/Debug/KCore/adc/ADC_Tables.o
 .debug_aranges
                0x00000080       0x80 VisualGDB/Debug/KCore/display/display.o
 .debug_aranges
                0x00000100       0x18 VisualGDB/Debug/KCore/display/displaylist.o
 .debug_aranges
                0x00000118       0x78 VisualGDB/Debug/KCore/display/gui.o
 .debug_aranges
                0x00000190       0xb8 VisualGDB/Debug/KCore/display/st7735.o
 .debug_aranges
                0x00000248       0x58 VisualGDB/Debug/KCore/gpio/pins.o
 .debug_aranges
                0x000002a0       0x30 VisualGDB/Debug/KCore/taskmanager/taskmanager.o
 .debug_aranges
                0x000002d0       0x20 VisualGDB/Debug/KCore/timer/timer.o
 .debug_aranges
                0x000002f0       0x38 VisualGDB/Debug/KCore/utils/utils.o
 .debug_aranges
                0x00000328       0x28 VisualGDB/Debug/cmsis_boot/startup/startup_stm32f10x_ld.o
 .debug_aranges
                0x00000350       0x38 VisualGDB/Debug/cmsis_boot/system_stm32f10x.o
 .debug_aranges
                0x00000388      0x138 VisualGDB/Debug/cmsis_lib/src/stm32f10x_adc.o
 .debug_aranges
                0x000004c0       0xa8 VisualGDB/Debug/cmsis_lib/src/stm32f10x_gpio.o
 .debug_aranges
                0x00000568      0x118 VisualGDB/Debug/cmsis_lib/src/stm32f10x_rcc.o
 .debug_aranges
                0x00000680       0xd0 VisualGDB/Debug/cmsis_lib/src/stm32f10x_spi.o
 .debug_aranges
                0x00000750      0x2f0 VisualGDB/Debug/cmsis_lib/src/stm32f10x_tim.o
 .debug_aranges
                0x00000a40       0x20 VisualGDB/Debug/KCore/gpio/gpio.o
 .debug_aranges
                0x00000a60       0x40 VisualGDB/Debug/KCore/main.o

.debug_rnglists
                0x00000000      0x7c5
 .debug_rnglists
                0x00000000       0x14 VisualGDB/Debug/KCore/adc/1xx/adc_1xx.o
 .debug_rnglists
                0x00000014       0x2d VisualGDB/Debug/KCore/adc/adc.o
 .debug_rnglists
                0x00000041       0x14 VisualGDB/Debug/KCore/adc/ADC_Tables.o
 .debug_rnglists
                0x00000055       0x61 VisualGDB/Debug/KCore/display/display.o
 .debug_rnglists
                0x000000b6       0x55 VisualGDB/Debug/KCore/display/gui.o
 .debug_rnglists
                0x0000010b       0x9f VisualGDB/Debug/KCore/display/st7735.o
 .debug_rnglists
                0x000001aa       0x3e VisualGDB/Debug/KCore/gpio/pins.o
 .debug_rnglists
                0x000001e8       0x20 VisualGDB/Debug/KCore/taskmanager/taskmanager.o
 .debug_rnglists
                0x00000208       0x13 VisualGDB/Debug/KCore/timer/timer.o
 .debug_rnglists
                0x0000021b       0x25 VisualGDB/Debug/KCore/utils/utils.o
 .debug_rnglists
                0x00000240       0x19 VisualGDB/Debug/cmsis_boot/startup/startup_stm32f10x_ld.o
 .debug_rnglists
                0x00000259       0x27 VisualGDB/Debug/cmsis_boot/system_stm32f10x.o
 .debug_rnglists
                0x00000280       0xe8 VisualGDB/Debug/cmsis_lib/src/stm32f10x_adc.o
 .debug_rnglists
                0x00000368       0x7d VisualGDB/Debug/cmsis_lib/src/stm32f10x_gpio.o
 .debug_rnglists
                0x000003e5       0xce VisualGDB/Debug/cmsis_lib/src/stm32f10x_rcc.o
 .debug_rnglists
                0x000004b3       0x99 VisualGDB/Debug/cmsis_lib/src/stm32f10x_spi.o
 .debug_rnglists
                0x0000054c      0x23a VisualGDB/Debug/cmsis_lib/src/stm32f10x_tim.o
 .debug_rnglists
                0x00000786       0x13 VisualGDB/Debug/KCore/gpio/gpio.o
 .debug_rnglists
                0x00000799       0x2c VisualGDB/Debug/KCore/main.o

.debug_line     0x00000000     0x4e67
 .debug_line    0x00000000      0x127 VisualGDB/Debug/KCore/adc/1xx/adc_1xx.o
 .debug_line    0x00000127      0x340 VisualGDB/Debug/KCore/adc/adc.o
 .debug_line    0x00000467      0x1a9 VisualGDB/Debug/KCore/adc/ADC_Tables.o
 .debug_line    0x00000610      0x66a VisualGDB/Debug/KCore/display/display.o
 .debug_line    0x00000c7a      0x103 VisualGDB/Debug/KCore/display/displaylist.o
 .debug_line    0x00000d7d      0x1dc VisualGDB/Debug/KCore/display/gui.o
 .debug_line    0x00000f59      0x7bb VisualGDB/Debug/KCore/display/st7735.o
 .debug_line    0x00001714      0x29e VisualGDB/Debug/KCore/gpio/pins.o
 .debug_line    0x000019b2      0x1f0 VisualGDB/Debug/KCore/taskmanager/taskmanager.o
 .debug_line    0x00001ba2      0x12a VisualGDB/Debug/KCore/timer/timer.o
 .debug_line    0x00001ccc      0x1ae VisualGDB/Debug/KCore/utils/utils.o
 .debug_line    0x00001e7a       0xb8 VisualGDB/Debug/cmsis_boot/startup/startup_stm32f10x_ld.o
 .debug_line    0x00001f32      0x2a8 VisualGDB/Debug/cmsis_boot/system_stm32f10x.o
 .debug_line    0x000021da      0x7c9 VisualGDB/Debug/cmsis_lib/src/stm32f10x_adc.o
 .debug_line    0x000029a3      0x50d VisualGDB/Debug/cmsis_lib/src/stm32f10x_gpio.o
 .debug_line    0x00002eb0      0x6c9 VisualGDB/Debug/cmsis_lib/src/stm32f10x_rcc.o
 .debug_line    0x00003579      0x572 VisualGDB/Debug/cmsis_lib/src/stm32f10x_spi.o
 .debug_line    0x00003aeb      0xfb5 VisualGDB/Debug/cmsis_lib/src/stm32f10x_tim.o
 .debug_line    0x00004aa0      0x124 VisualGDB/Debug/KCore/gpio/gpio.o
 .debug_line    0x00004bc4      0x2a3 VisualGDB/Debug/KCore/main.o

.debug_str      0x00000000     0x2bc0
 .debug_str     0x00000000      0x1aa VisualGDB/Debug/KCore/adc/1xx/adc_1xx.o
                                0x1fa (size before relaxing)
 .debug_str     0x000001aa      0x38b VisualGDB/Debug/KCore/adc/adc.o
                                0x58c (size before relaxing)
 .debug_str     0x00000535       0xe3 VisualGDB/Debug/KCore/adc/ADC_Tables.o
                                0x2fe (size before relaxing)
 .debug_str     0x00000618      0x24a VisualGDB/Debug/KCore/display/display.o
                                0x3e7 (size before relaxing)
 .debug_str     0x00000862       0x47 VisualGDB/Debug/KCore/display/displaylist.o
                                0x362 (size before relaxing)
 .debug_str     0x000008a9      0x15b VisualGDB/Debug/KCore/display/gui.o
                                0x308 (size before relaxing)
 .debug_str     0x00000a04      0x3f7 VisualGDB/Debug/KCore/display/st7735.o
                                0x6a2 (size before relaxing)
 .debug_str     0x00000dfb       0xa3 VisualGDB/Debug/KCore/gpio/pins.o
                                0x2cf (size before relaxing)
 .debug_str     0x00000e9e       0x90 VisualGDB/Debug/KCore/taskmanager/taskmanager.o
                                0x240 (size before relaxing)
 .debug_str     0x00000f2e      0x173 VisualGDB/Debug/KCore/timer/timer.o
                                0x37e (size before relaxing)
 .debug_str     0x000010a1       0x4c VisualGDB/Debug/KCore/utils/utils.o
                                0x328 (size before relaxing)
 .debug_str     0x000010ed       0x9b VisualGDB/Debug/cmsis_boot/startup/startup_stm32f10x_ld.o
                                0x1dc (size before relaxing)
 .debug_str     0x00001188       0xee VisualGDB/Debug/cmsis_boot/system_stm32f10x.o
                                0x2ad (size before relaxing)
 .debug_str     0x00001276      0x3c5 VisualGDB/Debug/cmsis_lib/src/stm32f10x_adc.o
                                0x705 (size before relaxing)
 .debug_str     0x0000163b      0x216 VisualGDB/Debug/cmsis_lib/src/stm32f10x_gpio.o
                                0x523 (size before relaxing)
 .debug_str     0x00001851      0x38f VisualGDB/Debug/cmsis_lib/src/stm32f10x_rcc.o
                                0x60d (size before relaxing)
 .debug_str     0x00001be0      0x263 VisualGDB/Debug/cmsis_lib/src/stm32f10x_spi.o
                                0x630 (size before relaxing)
 .debug_str     0x00001e43      0xa05 VisualGDB/Debug/cmsis_lib/src/stm32f10x_tim.o
                                0xdfe (size before relaxing)
 .debug_str     0x00002848       0x1c VisualGDB/Debug/KCore/gpio/gpio.o
                                0x1d5 (size before relaxing)
 .debug_str     0x00002864      0x35c VisualGDB/Debug/KCore/main.o
                                0x700 (size before relaxing)

.comment        0x00000000       0x55
 .comment       0x00000000       0x55 VisualGDB/Debug/KCore/adc/1xx/adc_1xx.o
                                 0x56 (size before relaxing)
 .comment       0x00000055       0x56 VisualGDB/Debug/KCore/adc/adc.o
 .comment       0x00000055       0x56 VisualGDB/Debug/KCore/adc/ADC_Tables.o
 .comment       0x00000055       0x56 VisualGDB/Debug/KCore/display/display.o
 .comment       0x00000055       0x56 VisualGDB/Debug/KCore/display/displaylist.o
 .comment       0x00000055       0x56 VisualGDB/Debug/KCore/display/gui.o
 .comment       0x00000055       0x56 VisualGDB/Debug/KCore/display/st7735.o
 .comment       0x00000055       0x56 VisualGDB/Debug/KCore/gpio/pins.o
 .comment       0x00000055       0x56 VisualGDB/Debug/KCore/taskmanager/taskmanager.o
 .comment       0x00000055       0x56 VisualGDB/Debug/KCore/timer/timer.o
 .comment       0x00000055       0x56 VisualGDB/Debug/KCore/utils/utils.o
 .comment       0x00000055       0x56 VisualGDB/Debug/cmsis_boot/startup/startup_stm32f10x_ld.o
 .comment       0x00000055       0x56 VisualGDB/Debug/cmsis_boot/system_stm32f10x.o
 .comment       0x00000055       0x56 VisualGDB/Debug/cmsis_lib/src/stm32f10x_adc.o
 .comment       0x00000055       0x56 VisualGDB/Debug/cmsis_lib/src/stm32f10x_gpio.o
 .comment       0x00000055       0x56 VisualGDB/Debug/cmsis_lib/src/stm32f10x_rcc.o
 .comment       0x00000055       0x56 VisualGDB/Debug/cmsis_lib/src/stm32f10x_spi.o
 .comment       0x00000055       0x56 VisualGDB/Debug/cmsis_lib/src/stm32f10x_tim.o
 .comment       0x00000055       0x56 VisualGDB/Debug/KCore/gpio/gpio.o
 .comment       0x00000055       0x56 VisualGDB/Debug/KCore/main.o

.debug_frame    0x00000000     0x3ef4
 .debug_frame   0x00000000       0x38 VisualGDB/Debug/KCore/adc/1xx/adc_1xx.o
 .debug_frame   0x00000038       0xc0 VisualGDB/Debug/KCore/adc/adc.o
 .debug_frame   0x000000f8       0x34 VisualGDB/Debug/KCore/adc/ADC_Tables.o
 .debug_frame   0x0000012c      0x1f4 VisualGDB/Debug/KCore/display/display.o
 .debug_frame   0x00000320      0x1dc VisualGDB/Debug/KCore/display/gui.o
 .debug_frame   0x000004fc      0x308 VisualGDB/Debug/KCore/display/st7735.o
 .debug_frame   0x00000804      0x13c VisualGDB/Debug/KCore/gpio/pins.o
 .debug_frame   0x00000940       0x68 VisualGDB/Debug/KCore/taskmanager/taskmanager.o
 .debug_frame   0x000009a8       0x34 VisualGDB/Debug/KCore/timer/timer.o
 .debug_frame   0x000009dc       0xa4 VisualGDB/Debug/KCore/utils/utils.o
 .debug_frame   0x00000a80       0x54 VisualGDB/Debug/cmsis_boot/startup/startup_stm32f10x_ld.o
 .debug_frame   0x00000ad4       0x98 VisualGDB/Debug/cmsis_boot/system_stm32f10x.o
 .debug_frame   0x00000b6c      0x5a4 VisualGDB/Debug/cmsis_lib/src/stm32f10x_adc.o
 .debug_frame   0x00001110      0x2d0 VisualGDB/Debug/cmsis_lib/src/stm32f10x_gpio.o
 .debug_frame   0x000013e0      0x4f4 VisualGDB/Debug/cmsis_lib/src/stm32f10x_rcc.o
 .debug_frame   0x000018d4      0x3a0 VisualGDB/Debug/cmsis_lib/src/stm32f10x_spi.o
 .debug_frame   0x00001c74      0xe2c VisualGDB/Debug/cmsis_lib/src/stm32f10x_tim.o
 .debug_frame   0x00002aa0       0x2c VisualGDB/Debug/KCore/gpio/gpio.o
 .debug_frame   0x00002acc       0xbc VisualGDB/Debug/KCore/main.o
 .debug_frame   0x00002b88       0xac c:/sysgcc/arm-eabi/bin/../lib/gcc/arm-none-eabi/12.2.1/thumb/v7-m/nofp\libgcc.a(_arm_addsubdf3.o)
 .debug_frame   0x00002c34       0x4c c:/sysgcc/arm-eabi/bin/../lib/gcc/arm-none-eabi/12.2.1/thumb/v7-m/nofp\libgcc.a(_arm_addsubsf3.o)
 .debug_frame   0x00002c80       0x38 c:/sysgcc/arm-eabi/bin/../lib/gcc/arm-none-eabi/12.2.1/thumb/v7-m/nofp\libgcc.a(_arm_muldivsf3.o)
 .debug_frame   0x00002cb8       0x24 c:/sysgcc/arm-eabi/bin/../lib/gcc/arm-none-eabi/12.2.1/thumb/v7-m/nofp\libgcc.a(_arm_fixunssfsi.o)
 .debug_frame   0x00002cdc       0x94 c:/sysgcc/arm-eabi/bin/../lib/gcc/arm-none-eabi/12.2.1/thumb/v7-m/nofp\libc_nano.a(libc_a-nano-vfprintf_float.o)
 .debug_frame   0x00002d70       0x60 c:/sysgcc/arm-eabi/bin/../lib/gcc/arm-none-eabi/12.2.1/thumb/v7-m/nofp\libc_nano.a(libc_a-nano-vfprintf_i.o)
 .debug_frame   0x00002dd0      0x144 c:/sysgcc/arm-eabi/bin/../lib/gcc/arm-none-eabi/12.2.1/thumb/v7-m/nofp\libc_nano.a(libc_a-findfp.o)
 .debug_frame   0x00002f14       0x34 c:/sysgcc/arm-eabi/bin/../lib/gcc/arm-none-eabi/12.2.1/thumb/v7-m/nofp\libc_nano.a(libc_a-fwalk.o)
 .debug_frame   0x00002f48       0x6c c:/sysgcc/arm-eabi/bin/../lib/gcc/arm-none-eabi/12.2.1/thumb/v7-m/nofp\libc_nano.a(libc_a-sprintf.o)
 .debug_frame   0x00002fb4       0x88 c:/sysgcc/arm-eabi/bin/../lib/gcc/arm-none-eabi/12.2.1/thumb/v7-m/nofp\libc_nano.a(libc_a-stdio.o)
 .debug_frame   0x0000303c       0x20 c:/sysgcc/arm-eabi/bin/../lib/gcc/arm-none-eabi/12.2.1/thumb/v7-m/nofp\libc_nano.a(libc_a-memset.o)
 .debug_frame   0x0000305c       0x40 c:/sysgcc/arm-eabi/bin/../lib/gcc/arm-none-eabi/12.2.1/thumb/v7-m/nofp\libc_nano.a(libc_a-localeconv.o)
 .debug_frame   0x0000309c       0x2c c:/sysgcc/arm-eabi/bin/../lib/gcc/arm-none-eabi/12.2.1/thumb/v7-m/nofp\libc_nano.a(libc_a-closer.o)
 .debug_frame   0x000030c8       0x38 c:/sysgcc/arm-eabi/bin/../lib/gcc/arm-none-eabi/12.2.1/thumb/v7-m/nofp\libc_nano.a(libc_a-reent.o)
 .debug_frame   0x00003100       0x2c c:/sysgcc/arm-eabi/bin/../lib/gcc/arm-none-eabi/12.2.1/thumb/v7-m/nofp\libc_nano.a(libc_a-lseekr.o)
 .debug_frame   0x0000312c       0x2c c:/sysgcc/arm-eabi/bin/../lib/gcc/arm-none-eabi/12.2.1/thumb/v7-m/nofp\libc_nano.a(libc_a-readr.o)
 .debug_frame   0x00003158       0x2c c:/sysgcc/arm-eabi/bin/../lib/gcc/arm-none-eabi/12.2.1/thumb/v7-m/nofp\libc_nano.a(libc_a-writer.o)
 .debug_frame   0x00003184       0xb0 c:/sysgcc/arm-eabi/bin/../lib/gcc/arm-none-eabi/12.2.1/thumb/v7-m/nofp\libc_nano.a(libc_a-lock.o)
 .debug_frame   0x00003234       0x28 c:/sysgcc/arm-eabi/bin/../lib/gcc/arm-none-eabi/12.2.1/thumb/v7-m/nofp\libc_nano.a(libc_a-memchr-stub.o)
 .debug_frame   0x0000325c       0x28 c:/sysgcc/arm-eabi/bin/../lib/gcc/arm-none-eabi/12.2.1/thumb/v7-m/nofp\libc_nano.a(libc_a-memcpy-stub.o)
 .debug_frame   0x00003284       0x6c c:/sysgcc/arm-eabi/bin/../lib/gcc/arm-none-eabi/12.2.1/thumb/v7-m/nofp\libc_nano.a(libc_a-dtoa.o)
 .debug_frame   0x000032f0       0x38 c:/sysgcc/arm-eabi/bin/../lib/gcc/arm-none-eabi/12.2.1/thumb/v7-m/nofp\libc_nano.a(libc_a-freer.o)
 .debug_frame   0x00003328       0x30 c:/sysgcc/arm-eabi/bin/../lib/gcc/arm-none-eabi/12.2.1/thumb/v7-m/nofp\libc_nano.a(libc_a-malloc.o)
 .debug_frame   0x00003358       0x50 c:/sysgcc/arm-eabi/bin/../lib/gcc/arm-none-eabi/12.2.1/thumb/v7-m/nofp\libc_nano.a(libc_a-mallocr.o)
 .debug_frame   0x000033a8       0x30 c:/sysgcc/arm-eabi/bin/../lib/gcc/arm-none-eabi/12.2.1/thumb/v7-m/nofp\libc_nano.a(libc_a-mlock.o)
 .debug_frame   0x000033d8      0x258 c:/sysgcc/arm-eabi/bin/../lib/gcc/arm-none-eabi/12.2.1/thumb/v7-m/nofp\libc_nano.a(libc_a-mprec.o)
 .debug_frame   0x00003630       0x90 c:/sysgcc/arm-eabi/bin/../lib/gcc/arm-none-eabi/12.2.1/thumb/v7-m/nofp\libc_nano.a(libc_a-nano-svfprintf.o)
 .debug_frame   0x000036c0       0x5c c:/sysgcc/arm-eabi/bin/../lib/gcc/arm-none-eabi/12.2.1/thumb/v7-m/nofp\libc_nano.a(libc_a-fflush.o)
 .debug_frame   0x0000371c       0x28 c:/sysgcc/arm-eabi/bin/../lib/gcc/arm-none-eabi/12.2.1/thumb/v7-m/nofp\libc_nano.a(libc_a-memmove.o)
 .debug_frame   0x00003744       0x48 c:/sysgcc/arm-eabi/bin/../lib/gcc/arm-none-eabi/12.2.1/thumb/v7-m/nofp\libc_nano.a(libc_a-locale.o)
 .debug_frame   0x0000378c       0x2c c:/sysgcc/arm-eabi/bin/../lib/gcc/arm-none-eabi/12.2.1/thumb/v7-m/nofp\libc_nano.a(libc_a-sbrkr.o)
 .debug_frame   0x000037b8       0x40 c:/sysgcc/arm-eabi/bin/../lib/gcc/arm-none-eabi/12.2.1/thumb/v7-m/nofp\libc_nano.a(libc_a-assert.o)
 .debug_frame   0x000037f8       0x2c c:/sysgcc/arm-eabi/bin/../lib/gcc/arm-none-eabi/12.2.1/thumb/v7-m/nofp\libc_nano.a(libc_a-callocr.o)
 .debug_frame   0x00003824       0x48 c:/sysgcc/arm-eabi/bin/../lib/gcc/arm-none-eabi/12.2.1/thumb/v7-m/nofp\libc_nano.a(libc_a-mbtowc_r.o)
 .debug_frame   0x0000386c       0x3c c:/sysgcc/arm-eabi/bin/../lib/gcc/arm-none-eabi/12.2.1/thumb/v7-m/nofp\libc_nano.a(libc_a-reallocr.o)
 .debug_frame   0x000038a8       0x3c c:/sysgcc/arm-eabi/bin/../lib/gcc/arm-none-eabi/12.2.1/thumb/v7-m/nofp\libc_nano.a(libc_a-wctomb_r.o)
 .debug_frame   0x000038e4       0x64 c:/sysgcc/arm-eabi/bin/../lib/gcc/arm-none-eabi/12.2.1/thumb/v7-m/nofp\libc_nano.a(libc_a-fprintf.o)
 .debug_frame   0x00003948       0x28 c:/sysgcc/arm-eabi/bin/../lib/gcc/arm-none-eabi/12.2.1/thumb/v7-m/nofp\libc_nano.a(libc_a-abort.o)
 .debug_frame   0x00003970       0x20 c:/sysgcc/arm-eabi/bin/../lib/gcc/arm-none-eabi/12.2.1/thumb/v7-m/nofp\libc_nano.a(libc_a-msizer.o)
 .debug_frame   0x00003990       0xa8 c:/sysgcc/arm-eabi/bin/../lib/gcc/arm-none-eabi/12.2.1/thumb/v7-m/nofp\libc_nano.a(libc_a-nano-vfprintf.o)
 .debug_frame   0x00003a38       0x40 c:/sysgcc/arm-eabi/bin/../lib/gcc/arm-none-eabi/12.2.1/thumb/v7-m/nofp\libc_nano.a(libc_a-wbuf.o)
 .debug_frame   0x00003a78       0x2c c:/sysgcc/arm-eabi/bin/../lib/gcc/arm-none-eabi/12.2.1/thumb/v7-m/nofp\libc_nano.a(libc_a-wsetup.o)
 .debug_frame   0x00003aa4       0xcc c:/sysgcc/arm-eabi/bin/../lib/gcc/arm-none-eabi/12.2.1/thumb/v7-m/nofp\libc_nano.a(libc_a-signal.o)
 .debug_frame   0x00003b70       0x3c c:/sysgcc/arm-eabi/bin/../lib/gcc/arm-none-eabi/12.2.1/thumb/v7-m/nofp\libc_nano.a(libc_a-signalr.o)
 .debug_frame   0x00003bac       0x58 c:/sysgcc/arm-eabi/bin/../lib/gcc/arm-none-eabi/12.2.1/thumb/v7-m/nofp\libc_nano.a(libc_a-makebuf.o)
 .debug_frame   0x00003c04       0x2c c:/sysgcc/arm-eabi/bin/../lib/gcc/arm-none-eabi/12.2.1/thumb/v7-m/nofp\libc_nano.a(libc_a-fstatr.o)
 .debug_frame   0x00003c30       0x2c c:/sysgcc/arm-eabi/bin/../lib/gcc/arm-none-eabi/12.2.1/thumb/v7-m/nofp\libc_nano.a(libc_a-isattyr.o)
 .debug_frame   0x00003c5c       0x50 c:/sysgcc/arm-eabi/bin/../lib/gcc/arm-none-eabi/12.2.1/thumb/v7-m/nofp\libgcc.a(_arm_muldivdf3.o)
 .debug_frame   0x00003cac       0xc4 c:/sysgcc/arm-eabi/bin/../lib/gcc/arm-none-eabi/12.2.1/thumb/v7-m/nofp\libgcc.a(_arm_cmpdf2.o)
 .debug_frame   0x00003d70       0x20 c:/sysgcc/arm-eabi/bin/../lib/gcc/arm-none-eabi/12.2.1/thumb/v7-m/nofp\libgcc.a(_arm_unorddf2.o)
 .debug_frame   0x00003d90       0x24 c:/sysgcc/arm-eabi/bin/../lib/gcc/arm-none-eabi/12.2.1/thumb/v7-m/nofp\libgcc.a(_arm_fixdfsi.o)
 .debug_frame   0x00003db4       0x20 c:/sysgcc/arm-eabi/bin/../lib/gcc/arm-none-eabi/12.2.1/thumb/v7-m/nofp\libnosys.a(close.o)
 .debug_frame   0x00003dd4       0x20 c:/sysgcc/arm-eabi/bin/../lib/gcc/arm-none-eabi/12.2.1/thumb/v7-m/nofp\libnosys.a(fstat.o)
 .debug_frame   0x00003df4       0x20 c:/sysgcc/arm-eabi/bin/../lib/gcc/arm-none-eabi/12.2.1/thumb/v7-m/nofp\libnosys.a(getpid.o)
 .debug_frame   0x00003e14       0x20 c:/sysgcc/arm-eabi/bin/../lib/gcc/arm-none-eabi/12.2.1/thumb/v7-m/nofp\libnosys.a(isatty.o)
 .debug_frame   0x00003e34       0x20 c:/sysgcc/arm-eabi/bin/../lib/gcc/arm-none-eabi/12.2.1/thumb/v7-m/nofp\libnosys.a(kill.o)
 .debug_frame   0x00003e54       0x20 c:/sysgcc/arm-eabi/bin/../lib/gcc/arm-none-eabi/12.2.1/thumb/v7-m/nofp\libnosys.a(lseek.o)
 .debug_frame   0x00003e74       0x20 c:/sysgcc/arm-eabi/bin/../lib/gcc/arm-none-eabi/12.2.1/thumb/v7-m/nofp\libnosys.a(read.o)
 .debug_frame   0x00003e94       0x20 c:/sysgcc/arm-eabi/bin/../lib/gcc/arm-none-eabi/12.2.1/thumb/v7-m/nofp\libnosys.a(sbrk.o)
 .debug_frame   0x00003eb4       0x20 c:/sysgcc/arm-eabi/bin/../lib/gcc/arm-none-eabi/12.2.1/thumb/v7-m/nofp\libnosys.a(write.o)
 .debug_frame   0x00003ed4       0x20 c:/sysgcc/arm-eabi/bin/../lib/gcc/arm-none-eabi/12.2.1/thumb/v7-m/nofp\libnosys.a(_exit.o)

.debug_line_str
                0x00000000      0x1de
 .debug_line_str
                0x00000000       0xda c:/sysgcc/arm-eabi/bin/../lib/gcc/arm-none-eabi/12.2.1/thumb/v7-m/nofp\libgcc.a(_arm_addsubdf3.o)
 .debug_line_str
                0x000000da        0xd c:/sysgcc/arm-eabi/bin/../lib/gcc/arm-none-eabi/12.2.1/thumb/v7-m/nofp\libgcc.a(_arm_addsubsf3.o)
                                 0xda (size before relaxing)
 .debug_line_str
                0x000000e7       0xda c:/sysgcc/arm-eabi/bin/../lib/gcc/arm-none-eabi/12.2.1/thumb/v7-m/nofp\libgcc.a(_arm_muldivsf3.o)
 .debug_line_str
                0x000000e7       0xda c:/sysgcc/arm-eabi/bin/../lib/gcc/arm-none-eabi/12.2.1/thumb/v7-m/nofp\libgcc.a(_arm_fixunssfsi.o)
 .debug_line_str
                0x000000e7       0xf7 c:/sysgcc/arm-eabi/bin/../lib/gcc/arm-none-eabi/12.2.1/thumb/v7-m/nofp\libc_nano.a(libc_a-strlen.o)
 .debug_line_str
                0x000001de       0xda c:/sysgcc/arm-eabi/bin/../lib/gcc/arm-none-eabi/12.2.1/thumb/v7-m/nofp\libgcc.a(_arm_muldivdf3.o)
 .debug_line_str
                0x000001de       0xda c:/sysgcc/arm-eabi/bin/../lib/gcc/arm-none-eabi/12.2.1/thumb/v7-m/nofp\libgcc.a(_arm_cmpdf2.o)
 .debug_line_str
                0x000001de       0xda c:/sysgcc/arm-eabi/bin/../lib/gcc/arm-none-eabi/12.2.1/thumb/v7-m/nofp\libgcc.a(_arm_unorddf2.o)
 .debug_line_str
                0x000001de       0xda c:/sysgcc/arm-eabi/bin/../lib/gcc/arm-none-eabi/12.2.1/thumb/v7-m/nofp\libgcc.a(_arm_fixdfsi.o)